Component: ARM Compiler 5.06 update 7 (build 960) Tool: armlink [4d3601]

==============================================================================

Section Cross References

    startup_stm32f407xx.o(RESET) refers to startup_stm32f407xx.o(STACK) for __initial_sp
    startup_stm32f407xx.o(RESET) refers to startup_stm32f407xx.o(.text) for Reset_Handler
    startup_stm32f407xx.o(RESET) refers to stm32f4xx_it.o(i.NMI_Handler) for NMI_Handler
    startup_stm32f407xx.o(RESET) refers to stm32f4xx_it.o(i.HardFault_Handler) for HardFault_Handler
    startup_stm32f407xx.o(RESET) refers to stm32f4xx_it.o(i.MemManage_Handler) for MemManage_Handler
    startup_stm32f407xx.o(RESET) refers to stm32f4xx_it.o(i.BusFault_Handler) for BusFault_Handler
    startup_stm32f407xx.o(RESET) refers to stm32f4xx_it.o(i.UsageFault_Handler) for UsageFault_Handler
    startup_stm32f407xx.o(RESET) refers to port.o(.emb_text) for SVC_Handler
    startup_stm32f407xx.o(RESET) refers to stm32f4xx_it.o(i.DebugMon_Handler) for DebugMon_Handler
    startup_stm32f407xx.o(RESET) refers to cmsis_os2.o(i.SysTick_Handler) for SysTick_Handler
    startup_stm32f407xx.o(RESET) refers to stm32f4xx_it.o(i.EXTI0_IRQHandler) for EXTI0_IRQHandler
    startup_stm32f407xx.o(RESET) refers to stm32f4xx_it.o(i.EXTI1_IRQHandler) for EXTI1_IRQHandler
    startup_stm32f407xx.o(RESET) refers to stm32f4xx_it.o(i.EXTI3_IRQHandler) for EXTI3_IRQHandler
    startup_stm32f407xx.o(RESET) refers to stm32f4xx_it.o(i.EXTI4_IRQHandler) for EXTI4_IRQHandler
    startup_stm32f407xx.o(RESET) refers to stm32f4xx_it.o(i.DMA1_Stream1_IRQHandler) for DMA1_Stream1_IRQHandler
    startup_stm32f407xx.o(RESET) refers to stm32f4xx_it.o(i.DMA1_Stream5_IRQHandler) for DMA1_Stream5_IRQHandler
    startup_stm32f407xx.o(RESET) refers to stm32f4xx_it.o(i.CAN1_RX0_IRQHandler) for CAN1_RX0_IRQHandler
    startup_stm32f407xx.o(RESET) refers to stm32f4xx_it.o(i.EXTI9_5_IRQHandler) for EXTI9_5_IRQHandler
    startup_stm32f407xx.o(RESET) refers to stm32f4xx_it.o(i.USART2_IRQHandler) for USART2_IRQHandler
    startup_stm32f407xx.o(RESET) refers to stm32f4xx_it.o(i.USART3_IRQHandler) for USART3_IRQHandler
    startup_stm32f407xx.o(RESET) refers to stm32f4xx_it.o(i.EXTI15_10_IRQHandler) for EXTI15_10_IRQHandler
    startup_stm32f407xx.o(RESET) refers to stm32f4xx_it.o(i.TIM5_IRQHandler) for TIM5_IRQHandler
    startup_stm32f407xx.o(RESET) refers to stm32f4xx_it.o(i.TIM6_DAC_IRQHandler) for TIM6_DAC_IRQHandler
    startup_stm32f407xx.o(RESET) refers to stm32f4xx_it.o(i.TIM7_IRQHandler) for TIM7_IRQHandler
    startup_stm32f407xx.o(RESET) refers to stm32f4xx_it.o(i.CAN2_RX1_IRQHandler) for CAN2_RX1_IRQHandler
    startup_stm32f407xx.o(.text) refers to system_stm32f4xx.o(i.SystemInit) for SystemInit
    startup_stm32f407xx.o(.text) refers to entry.o(.ARM.Collect$$$$00000000) for __main
    canfliter_init.o(i.HAL_CAN_RxFifo0MsgPendingCallback) refers to app_task_control.o(i.CAN1_RE_Int_CALLBACK) for CAN1_RE_Int_CALLBACK
    canfliter_init.o(i.HAL_CAN_RxFifo0MsgPendingCallback) refers to app_tcsm.o(i.CAN2_RE_Int_CALLBACK) for CAN2_RE_Int_CALLBACK
    canfliter_init.o(i.HAL_CAN_RxFifo0MsgPendingCallback) refers to can.o(.bss) for hcan1
    canfliter_init.o(i.canfilter_init) refers to stm32f4xx_hal_can.o(i.HAL_CAN_ConfigFilter) for HAL_CAN_ConfigFilter
    canfliter_init.o(i.canfilter_init) refers to stm32f4xx_hal_can.o(i.HAL_CAN_Start) for HAL_CAN_Start
    canfliter_init.o(i.canfilter_init) refers to stm32f4xx_hal_can.o(i.HAL_CAN_ActivateNotification) for HAL_CAN_ActivateNotification
    canfliter_init.o(i.canfilter_init) refers to can.o(.bss) for hcan1
    main.o(i.Auxiluary_IO_CONTROL) refers to stm32f4xx_hal_gpio.o(i.HAL_GPIO_WritePin) for HAL_GPIO_WritePin
    main.o(i.Auxiluary_IO_CONTROL) refers to main.o(.data) for IO_OUTPUT_CONTROL
    main.o(i.Auxiluary_Input_Read) refers to stm32f4xx_hal_gpio.o(i.HAL_GPIO_ReadPin) for HAL_GPIO_ReadPin
    main.o(i.Auxiluary_Input_Read) refers to main.o(.data) for IO_Input_Read
    main.o(i.HAL_TIM_PeriodElapsedCallback) refers to stm32f4xx_hal.o(i.HAL_IncTick) for HAL_IncTick
    main.o(i.HAL_TIM_PeriodElapsedCallback) refers to jslz_onebus.o(i.jslz_onebus_tim1_callback) for jslz_onebus_tim1_callback
    main.o(i.HAL_TIM_PeriodElapsedCallback) refers to jslz_onebus.o(i.jslz_onebus_tim2_callback) for jslz_onebus_tim2_callback
    main.o(i.SystemClock_Config) refers to memseta.o(.text) for __aeabi_memclr4
    main.o(i.SystemClock_Config) refers to stm32f4xx_hal_rcc.o(i.HAL_RCC_OscConfig) for HAL_RCC_OscConfig
    main.o(i.SystemClock_Config) refers to main.o(i.Error_Handler) for Error_Handler
    main.o(i.SystemClock_Config) refers to stm32f4xx_hal_rcc.o(i.HAL_RCC_ClockConfig) for HAL_RCC_ClockConfig
    main.o(i.main) refers to stm32f4xx_hal.o(i.HAL_Init) for HAL_Init
    main.o(i.main) refers to main.o(i.SystemClock_Config) for SystemClock_Config
    main.o(i.main) refers to gpio.o(i.MX_GPIO_Init) for MX_GPIO_Init
[...]
    HAL_CAN_SleepCallback                    0x08002819   Thumb Code     2  stm32f4xx_hal_can.o(i.HAL_CAN_SleepCallback)
    HAL_CAN_Start                            0x0800281b   Thumb Code    94  stm32f4xx_hal_can.o(i.HAL_CAN_Start)
    HAL_CAN_TxMailbox0AbortCallback          0x08002879   Thumb Code     2  stm32f4xx_hal_can.o(i.HAL_CAN_TxMailbox0AbortCallback)
    HAL_CAN_TxMailbox0CompleteCallback       0x0800287b   Thumb Code     2  stm32f4xx_hal_can.o(i.HAL_CAN_TxMailbox0CompleteCallback)
    HAL_CAN_TxMailbox1AbortCallback          0x0800287d   Thumb Code     2  stm32f4xx_hal_can.o(i.HAL_CAN_TxMailbox1AbortCallback)
    HAL_CAN_TxMailbox1CompleteCallback       0x0800287f   Thumb Code     2  stm32f4xx_hal_can.o(i.HAL_CAN_TxMailbox1CompleteCallback)
    HAL_CAN_TxMailbox2AbortCallback          0x08002881   Thumb Code     2  stm32f4xx_hal_can.o(i.HAL_CAN_TxMailbox2AbortCallback)
    HAL_CAN_TxMailbox2CompleteCallback       0x08002883   Thumb Code     2  stm32f4xx_hal_can.o(i.HAL_CAN_TxMailbox2CompleteCallback)
    HAL_CAN_WakeUpFromRxMsgCallback          0x08002885   Thumb Code     2  stm32f4xx_hal_can.o(i.HAL_CAN_WakeUpFromRxMsgCallback)
    HAL_DMA_Abort                            0x08002887   Thumb Code   172  stm32f4xx_hal_dma.o(i.HAL_DMA_Abort)
    HAL_DMA_Abort_IT                         0x08002933   Thumb Code    40  stm32f4xx_hal_dma.o(i.HAL_DMA_Abort_IT)
    HAL_DMA_GetError                         0x0800295b   Thumb Code     6  stm32f4xx_hal_dma.o(i.HAL_DMA_GetError)
    HAL_DMA_IRQHandler                       0x08002961   Thumb Code   570  stm32f4xx_hal_dma.o(i.HAL_DMA_IRQHandler)
    HAL_DMA_Init                             0x08002ba1   Thumb Code   232  stm32f4xx_hal_dma.o(i.HAL_DMA_Init)
    HAL_DMA_Start_IT                         0x08002c8d   Thumb Code   146  stm32f4xx_hal_dma.o(i.HAL_DMA_Start_IT)
    HAL_Delay                                0x08002d21   Thumb Code    36  stm32f4xx_hal.o(i.HAL_Delay)
    HAL_EXTI_GetConfigLine                   0x08002d49   Thumb Code   148  stm32f4xx_hal_exti.o(i.HAL_EXTI_GetConfigLine)
    HAL_GPIO_EXTI_Callback                   0x08002de5   Thumb Code    12  stm32f4xx_it.o(i.HAL_GPIO_EXTI_Callback)
    HAL_GPIO_EXTI_IRQHandler                 0x08002df1   Thumb Code    24  stm32f4xx_hal_gpio.o(i.HAL_GPIO_EXTI_IRQHandler)
    HAL_GPIO_Init                            0x08002e0d   Thumb Code   454  stm32f4xx_hal_gpio.o(i.HAL_GPIO_Init)
    HAL_GPIO_ReadPin                         0x08003001   Thumb Code    16  stm32f4xx_hal_gpio.o(i.HAL_GPIO_ReadPin)
    HAL_GPIO_TogglePin                       0x08003011   Thumb Code    20  stm32f4xx_hal_gpio.o(i.HAL_GPIO_TogglePin)
    HAL_GPIO_WritePin                        0x08003025   Thumb Code    12  stm32f4xx_hal_gpio.o(i.HAL_GPIO_WritePin)
    HAL_GetTick                              0x08003031   Thumb Code     6  stm32f4xx_hal.o(i.HAL_GetTick)
    HAL_IncTick                              0x0800303d   Thumb Code    16  stm32f4xx_hal.o(i.HAL_IncTick)
    HAL_Init                                 0x08003055   Thumb Code    54  stm32f4xx_hal.o(i.HAL_Init)
    HAL_InitTick                             0x08003091   Thumb Code   160  stm32f4xx_hal_timebase_tim.o(i.HAL_InitTick)
    HAL_MspInit                              0x08003145   Thumb Code    78  stm32f4xx_hal_msp.o(i.HAL_MspInit)
    HAL_NVIC_DisableIRQ                      0x08003199   Thumb Code    38  stm32f4xx_hal_cortex.o(i.HAL_NVIC_DisableIRQ)
    HAL_NVIC_EnableIRQ                       0x080031c5   Thumb Code    40  stm32f4xx_hal_cortex.o(i.HAL_NVIC_EnableIRQ)
    HAL_NVIC_SetPriority                     0x080031ed   Thumb Code   124  stm32f4xx_hal_cortex.o(i.HAL_NVIC_SetPriority)
    HAL_NVIC_SetPriorityGrouping             0x08003269   Thumb Code    32  stm32f4xx_hal_cortex.o(i.HAL_NVIC_SetPriorityGrouping)
    HAL_RCC_ClockConfig                      0x08003291   Thumb Code   368  stm32f4xx_hal_rcc.o(i.HAL_RCC_ClockConfig)
    HAL_RCC_GetClockConfig                   0x08003415   Thumb Code    58  stm32f4xx_hal_rcc.o(i.HAL_RCC_GetClockConfig)
    HAL_RCC_GetHCLKFreq                      0x08003459   Thumb Code     6  stm32f4xx_hal_rcc.o(i.HAL_RCC_GetHCLKFreq)
    HAL_RCC_GetPCLK1Freq                     0x08003465   Thumb Code    22  stm32f4xx_hal_rcc.o(i.HAL_RCC_GetPCLK1Freq)
    HAL_RCC_GetPCLK2Freq                     0x08003485   Thumb Code    22  stm32f4xx_hal_rcc.o(i.HAL_RCC_GetPCLK2Freq)
    HAL_RCC_GetSysClockFreq                  0x080034a5   Thumb Code   162  stm32f4xx_hal_rcc.o(i.HAL_RCC_GetSysClockFreq)
    HAL_RCC_OscConfig                        0x08003555   Thumb Code  1172  stm32f4xx_hal_rcc.o(i.HAL_RCC_OscConfig)
    HAL_TIMEx_BreakCallback                  0x080039f1   Thumb Code     2  stm32f4xx_hal_tim_ex.o(i.HAL_TIMEx_BreakCallback)
    HAL_TIMEx_CommutCallback                 0x080039f3   Thumb Code     2  stm32f4xx_hal_tim_ex.o(i.HAL_TIMEx_CommutCallback)
    HAL_TIMEx_MasterConfigSynchronization    0x080039f5   Thumb Code   150  stm32f4xx_hal_tim_ex.o(i.HAL_TIMEx_MasterConfigSynchronization)
    HAL_TIM_Base_Init                        0x08003aa9   Thumb Code   102  stm32f4xx_hal_tim.o(i.HAL_TIM_Base_Init)
    HAL_TIM_Base_MspInit                     0x08003b11   Thumb Code   120  tim.o(i.HAL_TIM_Base_MspInit)
    HAL_TIM_Base_Start_IT                    0x08003b95   Thumb Code   138  stm32f4xx_hal_tim.o(i.HAL_TIM_Base_Start_IT)
    HAL_TIM_Base_Stop_IT                     0x08003c3d   Thumb Code    62  stm32f4xx_hal_tim.o(i.HAL_TIM_Base_Stop_IT)
    HAL_TIM_IC_CaptureCallback               0x08003c7b   Thumb Code     2  stm32f4xx_hal_tim.o(i.HAL_TIM_IC_CaptureCallback)
    HAL_TIM_IRQHandler                       0x08003c7d   Thumb Code   364  stm32f4xx_hal_tim.o(i.HAL_TIM_IRQHandler)
    HAL_TIM_OC_DelayElapsedCallback          0x08003de9   Thumb Code     2  stm32f4xx_hal_tim.o(i.HAL_TIM_OC_DelayElapsedCallback)
    HAL_TIM_PWM_PulseFinishedCallback        0x08003deb   Thumb Code     2  stm32f4xx_hal_tim.o(i.HAL_TIM_PWM_PulseFinishedCallback)
    HAL_TIM_PeriodElapsedCallback            0x08003ded   Thumb Code    48  main.o(i.HAL_TIM_PeriodElapsedCallback)
    HAL_TIM_TriggerCallback                  0x08003e29   Thumb Code     2  stm32f4xx_hal_tim.o(i.HAL_TIM_TriggerCallback)
    HAL_UARTEx_GetRxEventType                0x08003e2b   Thumb Code     6  stm32f4xx_hal_uart.o(i.HAL_UARTEx_GetRxEventType)
    HAL_UARTEx_ReceiveToIdle_DMA             0x08003e31   Thumb Code   112  stm32f4xx_hal_uart.o(i.HAL_UARTEx_ReceiveToIdle_DMA)
    HAL_UARTEx_RxEventCallback               0x08003ea1   Thumb Code    32  stm32f4xx_it.o(i.HAL_UARTEx_RxEventCallback)
    HAL_UART_AbortReceive                    0x08003ec9   Thumb Code   196  stm32f4xx_hal_uart.o(i.HAL_UART_AbortReceive)
    HAL_UART_ErrorCallback                   0x08003f8d   Thumb Code     2  stm32f4xx_hal_uart.o(i.HAL_UART_ErrorCallback)
    HAL_UART_IRQHandler                      0x08003f91   Thumb Code   772  stm32f4xx_hal_uart.o(i.HAL_UART_IRQHandler)
    HAL_UART_Init                            0x08004299   Thumb Code   118  stm32f4xx_hal_uart.o(i.HAL_UART_Init)
    HAL_UART_MspInit                         0x08004311   Thumb Code   380  usart.o(i.HAL_UART_MspInit)
    HAL_UART_RxCpltCallback                  0x080044ad   Thumb Code     2  stm32f4xx_hal_uart.o(i.HAL_UART_RxCpltCallback)
    HAL_UART_RxHalfCpltCallback              0x080044af   Thumb Code     2  stm32f4xx_hal_uart.o(i.HAL_UART_RxHalfCpltCallback)
    HAL_UART_Transmit                        0x080044b1   Thumb Code   190  stm32f4xx_hal_uart.o(i.HAL_UART_Transmit)
    HAL_UART_TxCpltCallback                  0x0800456f   Thumb Code     2  stm32f4xx_hal_uart.o(i.HAL_UART_TxCpltCallback)
    HardFault_Handler                        0x08004571   Thumb Code     4  stm32f4xx_it.o(i.HardFault_Handler)
    MX_CAN1_Init                             0x08004575   Thumb Code    58  can.o(i.MX_CAN1_Init)
    MX_CAN2_Init                             0x080045b9   Thumb Code    58  can.o(i.MX_CAN2_Init)
    MX_DMA_Init                              0x080045fd   Thumb Code    68  dma.o(i.MX_DMA_Init)
    MX_FREERTOS_Init                         0x08004645   Thumb Code    22  freertos.o(i.MX_FREERTOS_Init)
    MX_GPIO_Init                             0x08004669   Thumb Code   882  gpio.o(i.MX_GPIO_Init)
    MX_TIM6_Init                             0x080049fd   Thumb Code    66  tim.o(i.MX_TIM6_Init)
    MX_TIM7_Init                             0x08004a49   Thumb Code    68  tim.o(i.MX_TIM7_Init)
    MX_USART2_UART_Init                      0x08004a95   Thumb Code    46  usart.o(i.MX_USART2_UART_Init)
    MX_USART3_UART_Init                      0x08004acd   Thumb Code    46  usart.o(i.MX_USART3_UART_Init)
    MYSY_MOTOR_Int_enable                    0x08004b05   Thumb Code    36  sy_motor.o(i.MYSY_MOTOR_Int_enable)
    MYSY_MOTOR_Receice                       0x08004b31   Thumb Code    36  sy_motor.o(i.MYSY_MOTOR_Receice)
    MYSY_MOTOR_Transimit                     0x08004b5d   Thumb Code    40  sy_motor.o(i.MYSY_MOTOR_Transimit)
    MYSY_MOTOR_abort_Receice                 0x08004b8d   Thumb Code    18  sy_motor.o(i.MYSY_MOTOR_abort_Receice)
    MYTCSM_Int_enable                        0x08004ba5   Thumb Code    16  tcsm.o(i.MYTCSM_Int_enable)
    MYTCSM_Receice                           0x08004bb9   Thumb Code    42  tcsm.o(i.MYTCSM_Receice)
    MYTCSM_Transimit                         0x08004be9   Thumb Code   102  tcsm.o(i.MYTCSM_Transimit)
    MY_UART3_RxEventCallback                 0x08004c55   Thumb Code   110  app_sy_motor.o(i.MY_UART3_RxEventCallback)
    MemManage_Handler                        0x08004cd1   Thumb Code     4  stm32f4xx_it.o(i.MemManage_Handler)
    NMI_Handler                              0x08004cd5   Thumb Code     4  stm32f4xx_it.o(i.NMI_Handler)
    Observer_Create                          0x08004d1d   Thumb Code    52  task_control_sub.o(i.Observer_Create)
    Observer_init                            0x08004d55   Thumb Code    24  task_control_sub.o(i.Observer_init)
    SEGGER_RTT_Write                         0x08004d6d   Thumb Code    70  segger_rtt.o(i.SEGGER_RTT_Write)
    SEGGER_RTT_WriteNoLock                   0x08004db9   Thumb Code   126  segger_rtt.o(i.SEGGER_RTT_WriteNoLock)
    SEGGER_RTT_printf                        0x08004e3d   Thumb Code    34  segger_rtt_printf.o(i.SEGGER_RTT_printf)
    SEGGER_RTT_vprintf                       0x08004e61   Thumb Code   536  segger_rtt_printf.o(i.SEGGER_RTT_vprintf)
    SV04M_recv_info_callback                 0x08005081   Thumb Code     8  sv04.o(i.SV04M_recv_info_callback)
    SY_MOTOR_COMMMAD_BUS_BACK                0x08005115   Thumb Code    18  sy_motor.o(i.SY_MOTOR_COMMMAD_BUS_BACK)
    SY_MOTOR_INIT_RECEIVE_OK                 0x080051b1   Thumb Code     8  sy_motor_driver.o(i.SY_MOTOR_INIT_RECEIVE_OK)
    SY_MOTOR_Int_disable                     0x080051bd   Thumb Code    36  sy_motor.o(i.SY_MOTOR_Int_disable)
    SY_MOTOR_Noti_From_ISR                   0x080051e9   Thumb Code    58  sy_motor.o(i.SY_MOTOR_Noti_From_ISR)
    SY_MOTOR_Noti_wait                       0x08005229   Thumb Code    38  sy_motor.o(i.SY_MOTOR_Noti_wait)
    SY_MOTOR_Notify                          0x0800524f   Thumb Code    30  sy_motor.o(i.SY_MOTOR_Notify)
    SY_MOTOR_Queue_delete                    0x0800526d   Thumb Code    18  sy_motor.o(i.SY_MOTOR_Queue_delete)
    SY_MOTOR_Queue_recv                      0x0800527f   Thumb Code    34  sy_motor.o(i.SY_MOTOR_Queue_recv)
    SY_MOTOR_Queue_send                      0x080052a1   Thumb Code    32  sy_motor.o(i.SY_MOTOR_Queue_send)
    SY_MOTOR_Register_Init                   0x08005335   Thumb Code    40  sy_motor_handler.o(i.SY_MOTOR_Register_Init)
    SY_MOTOR_Task_Create                     0x0800535d   Thumb Code    40  sy_motor.o(i.SY_MOTOR_Task_Create)
    SY_MOTOR_Task_Delete                     0x08005385   Thumb Code    12  sy_motor.o(i.SY_MOTOR_Task_Delete)
    SY_MOTOR_driver_Inst                     0x08005391   Thumb Code   182  sy_motor_driver.o(i.SY_MOTOR_driver_Inst)
    SY_MOTOR_handler_Register                0x080056ad   Thumb Code    60  sy_motor_handler.o(i.SY_MOTOR_handler_Register)
    SY_MOTOR_handler_inst                    0x080057b9   Thumb Code   186  sy_motor_handler.o(i.SY_MOTOR_handler_inst)
    SY_MOTOR_receive_callback                0x080058b5   Thumb Code    30  sy_motor_driver.o(i.SY_MOTOR_receive_callback)
    SY_MOTOR_register_Rx_callback            0x080058d5   Thumb Code     6  sy_motor_handler.o(i.SY_MOTOR_register_Rx_callback)
    Sensor_Init                              0x08005af1   Thumb Code    38  chain_sensor.o(i.Sensor_Init)
    StartDefaultTask                         0x08005b19   Thumb Code   170  freertos.o(i.StartDefaultTask)
    SysTick_Handler                          0x08005c0d   Thumb Code    22  cmsis_os2.o(i.SysTick_Handler)
    SystemClock_Config                       0x08005c25   Thumb Code   170  main.o(i.SystemClock_Config)
    SystemInit                               0x08005cd9   Thumb Code    14  system_stm32f4xx.o(i.SystemInit)
    TCSM_COMMMAD_BUS_BACK                    0x08005d85   Thumb Code    18  tcsm.o(i.TCSM_COMMMAD_BUS_BACK)
    TCSM_Int_disable                         0x08005f61   Thumb Code    16  tcsm.o(i.TCSM_Int_disable)
    TCSM_Noti_From_ISR                       0x08005f75   Thumb Code    56  tcsm.o(i.TCSM_Noti_From_ISR)
    TCSM_Noti_wait                           0x08005fb1   Thumb Code    42  tcsm.o(i.TCSM_Noti_wait)
    TCSM_Notify                              0x08005fdb   Thumb Code    30  tcsm.o(i.TCSM_Notify)
    TCSM_Queue_create                        0x0800608d   Thumb Code    30  tcsm.o(i.TCSM_Queue_create)
    TCSM_Queue_delete                        0x080060ab   Thumb Code    24  tcsm.o(i.TCSM_Queue_delete)
    TCSM_Queue_recv                          0x080060c3   Thumb Code    34  tcsm.o(i.TCSM_Queue_recv)
    TCSM_Queue_send                          0x080060e5   Thumb Code    30  tcsm.o(i.TCSM_Queue_send)
    TCSM_Register_Init                       0x08006235   Thumb Code    48  tcsm_handler.o(i.TCSM_Register_Init)
    TCSM_Task_Create                         0x080063c9   Thumb Code    40  tcsm.o(i.TCSM_Task_Create)
    TCSM_Task_Delete                         0x080063f1   Thumb Code    18  tcsm.o(i.TCSM_Task_Delete)
    TCSM_Task_statecheck                     0x08006403   Thumb Code    20  tcsm.o(i.TCSM_Task_statecheck)
    TCSM_driver_Inst                         0x08006419   Thumb Code   116  tcsm_driver.o(i.TCSM_driver_Inst)
    TCSM_handler_Register                    0x080064b1   Thumb Code    60  tcsm_handler.o(i.TCSM_handler_Register)
    TCSM_handler_inst                        0x08006545   Thumb Code   154  tcsm_handler.o(i.TCSM_handler_inst)
    TCSM_receive_callback                    0x08006615   Thumb Code    26  tcsm_driver.o(i.TCSM_receive_callback)
    TCSM_register_Rx_callback                0x08006631   Thumb Code     6  tcsm_handler.o(i.TCSM_register_Rx_callback)
    TIM5_IRQHandler                          0x0800663d   Thumb Code    10  stm32f4xx_it.o(i.TIM5_IRQHandler)
    TIM6_DAC_IRQHandler                      0x0800664d   Thumb Code    10  stm32f4xx_it.o(i.TIM6_DAC_IRQHandler)
    TIM7_IRQHandler                          0x0800665d   Thumb Code    10  stm32f4xx_it.o(i.TIM7_IRQHandler)
    TIM_Base_SetConfig                       0x0800666d   Thumb Code   178  stm32f4xx_hal_tim.o(i.TIM_Base_SetConfig)
    UART_Start_Receive_DMA                   0x08006c61   Thumb Code   202  stm32f4xx_hal_uart.o(i.UART_Start_Receive_DMA)
    USART2_IRQHandler                        0x08006e25   Thumb Code    10  stm32f4xx_it.o(i.USART2_IRQHandler)
    USART3_IRQHandler                        0x08006e35   Thumb Code    10  stm32f4xx_it.o(i.USART3_IRQHandler)
    UsageFault_Handler                       0x08006e45   Thumb Code     4  stm32f4xx_it.o(i.UsageFault_Handler)
    __0snprintf                              0x08007295   Thumb Code    48  printfa.o(i.__0snprintf)
    __1snprintf                              0x08007295   Thumb Code     0  printfa.o(i.__0snprintf)
    __2snprintf                              0x08007295   Thumb Code     0  printfa.o(i.__0snprintf)
    __c89snprintf                            0x08007295   Thumb Code     0  printfa.o(i.__0snprintf)
    snprintf                                 0x08007295   Thumb Code     0  printfa.o(i.__0snprintf)
    __0vsnprintf                             0x080072c9   Thumb Code    46  printfa.o(i.__0vsnprintf)
    __1vsnprintf                             0x080072c9   Thumb Code     0  printfa.o(i.__0vsnprintf)
    __2vsnprintf                             0x080072c9   Thumb Code     0  printfa.o(i.__0vsnprintf)
    __c89vsnprintf                           0x080072c9   Thumb Code     0  printfa.o(i.__0vsnprintf)
    vsnprintf                                0x080072c9   Thumb Code     0  printfa.o(i.__0vsnprintf)
    __scatterload_copy                       0x0800733b   Thumb Code    14  handlers.o(i.__scatterload_copy)
    __scatterload_null                       0x08007349   Thumb Code     2  handlers.o(i.__scatterload_null)
    __scatterload_zeroinit                   0x0800734b   Thumb Code    14  handlers.o(i.__scatterload_zeroinit)
    app_elog_init                            0x08007da1   Thumb Code    66  elog.o(i.app_elog_init)
    big_to_little_uint32                     0x08007de3   Thumb Code    34  endian.o(i.big_to_little_uint32)
    canfilter_init                           0x08007e05   Thumb Code   108  canfliter_init.o(i.canfilter_init)
    eTaskGetState                            0x08007e79   Thumb Code   128  tasks.o(i.eTaskGetState)
    elog_get_filter_tag_lvl                  0x08007f0d   Thumb Code   164  elog.o(i.elog_get_filter_tag_lvl)
    elog_init                                0x08008029   Thumb Code    76  elog.o(i.elog_init)
    elog_output                              0x08008079   Thumb Code   866  elog.o(i.elog_output)
    elog_output_lock                         0x08008495   Thumb Code    34  elog.o(i.elog_output_lock)
    elog_output_lock_enabled                 0x080084bd   Thumb Code    60  elog.o(i.elog_output_lock_enabled)
    elog_output_unlock                       0x080084fd   Thumb Code    34  elog.o(i.elog_output_unlock)
    elog_port_get_p_info                     0x08008525   Thumb Code     2  elog_port.o(i.elog_port_get_p_info)
    elog_port_get_t_info                     0x08008527   Thumb Code     2  elog_port.o(i.elog_port_get_t_info)
    elog_port_get_time                       0x08008529   Thumb Code     2  elog_port.o(i.elog_port_get_time)
    elog_port_init                           0x0800852b   Thumb Code     4  elog_port.o(i.elog_port_init)
    elog_port_output                         0x0800852f   Thumb Code    18  elog_port.o(i.elog_port_output)
    elog_port_output_lock                    0x08008541   Thumb Code     2  elog_port.o(i.elog_port_output_lock)
    elog_port_output_unlock                  0x08008543   Thumb Code     2  elog_port.o(i.elog_port_output_unlock)
    elog_set_filter_lvl                      0x08008545   Thumb Code    76  elog.o(i.elog_set_filter_lvl)
    elog_set_fmt                             0x0800864d   Thumb Code    80  elog.o(i.elog_set_fmt)
    elog_set_output_enabled                  0x0800871d   Thumb Code    82  elog.o(i.elog_set_output_enabled)
    elog_set_text_color_enabled              0x080087fd   Thumb Code    82  elog.o(i.elog_set_text_color_enabled)
    elog_start                               0x080088dd   Thumb Code    46  elog.o(i.elog_start)
    elog_strcpy                              0x08008979   Thumb Code   166  elog_utils.o(i.elog_strcpy)
    free                                     0x08008acd   Thumb Code    76  malloc.o(i.free)
    jslz_onebus_exti_callback                0x08008d19   Thumb Code    18  jslz_onebus.o(i.jslz_onebus_exti_callback)
    jslz_onebus_tim1_callback                0x08008d31   Thumb Code   194  jslz_onebus.o(i.jslz_onebus_tim1_callback)
    jslz_onebus_tim2_callback                0x08008df9   Thumb Code    82  jslz_onebus.o(i.jslz_onebus_tim2_callback)
    little_to_big_uint32                     0x08008e51   Thumb Code    30  endian.o(i.little_to_big_uint32)
    main                                     0x08008e71   Thumb Code   142  main.o(i.main)
    malloc                                   0x08008f29   Thumb Code    92  malloc.o(i.malloc)
    osDelay                                  0x08008f95   Thumb Code    30  cmsis_os2.o(i.osDelay)
    osKernelInitialize                       0x08008fb5   Thumb Code    38  cmsis_os2.o(i.osKernelInitialize)
    osKernelStart                            0x08008fe1   Thumb Code    82  cmsis_os2.o(i.osKernelStart)
    osThreadNew                              0x08009041   Thumb Code   184  cmsis_os2.o(i.osThreadNew)
    pvPortMalloc                             0x08009b1d   Thumb Code   306  heap_4.o(i.pvPortMalloc)
    pxPortInitialiseStack                    0x08009c69   Thumb Code    38  port.o(i.pxPortInitialiseStack)
    uxListRemove                             0x08009d6f   Thumb Code    40  list.o(i.uxListRemove)
    vApplicationGetIdleTaskMemory            0x08009d99   Thumb Code    14  cmsis_os2.o(i.vApplicationGetIdleTaskMemory)
    vApplicationGetTimerTaskMemory           0x08009db1   Thumb Code    16  cmsis_os2.o(i.vApplicationGetTimerTaskMemory)
    vListInitialise                          0x08009dc9   Thumb Code    26  list.o(i.vListInitialise)
    vListInitialiseItem                      0x08009de3   Thumb Code     6  list.o(i.vListInitialiseItem)
    vListInsert                              0x08009de9   Thumb Code    52  list.o(i.vListInsert)
    vListInsertEnd                           0x08009e1d   Thumb Code    24  list.o(i.vListInsertEnd)
    vPortEnterCritical                       0x08009e35   Thumb Code    76  port.o(i.vPortEnterCritical)
    vPortExitCritical                        0x08009e89   Thumb Code    56  port.o(i.vPortExitCritical)
    vPortFree                                0x08009ec5   Thumb Code   150  heap_4.o(i.vPortFree)
    vPortSetupTimerInterrupt                 0x08009f69   Thumb Code    36  port.o(i.vPortSetupTimerInterrupt)
    vPortValidateInterruptPriority           0x08009f91   Thumb Code   106  port.o(i.vPortValidateInterruptPriority)
    vQueueAddToRegistry                      0x0800a009   Thumb Code    38  queue.o(i.vQueueAddToRegistry)
    vQueueDelete                             0x0800a035   Thumb Code    50  queue.o(i.vQueueDelete)
    vQueueUnregisterQueue                    0x0800a069   Thumb Code    44  queue.o(i.vQueueUnregisterQueue)
    vQueueWaitForMessageRestricted           0x0800a099   Thumb Code    74  queue.o(i.vQueueWaitForMessageRestricted)
    vTaskDelay                               0x0800a0e5   Thumb Code    82  tasks.o(i.vTaskDelay)
    vTaskDelete                              0x0800a141   Thumb Code   168  tasks.o(i.vTaskDelete)
    vTaskInternalSetTimeOutState             0x0800a209   Thumb Code    14  tasks.o(i.vTaskInternalSetTimeOutState)
    vTaskMissedYield                         0x0800a221   Thumb Code     8  tasks.o(i.vTaskMissedYield)
    vTaskPlaceOnEventList                    0x0800a22d   Thumb Code    52  tasks.o(i.vTaskPlaceOnEventList)
    vTaskPlaceOnEventListRestricted          0x0800a265   Thumb Code    60  tasks.o(i.vTaskPlaceOnEventListRestricted)
    vTaskStartScheduler                      0x0800a2a5   Thumb Code   156  tasks.o(i.vTaskStartScheduler)
    vTaskSuspendAll                          0x0800a35d   Thumb Code    12  tasks.o(i.vTaskSuspendAll)
    vTaskSwitchContext                       0x0800a36d   Thumb Code   122  tasks.o(i.vTaskSwitchContext)
    xPortStartScheduler                      0x0800a3fd   Thumb Code   330  port.o(i.xPortStartScheduler)
    xPortSysTickHandler                      0x0800a565   Thumb Code    46  port.o(i.xPortSysTickHandler)
    xQueueGenericCreate                      0x0800a599   Thumb Code    90  queue.o(i.xQueueGenericCreate)
    xQueueGenericCreateStatic                0x0800a5f3   Thumb Code   224  queue.o(i.xQueueGenericCreateStatic)
    xQueueGenericReset                       0x0800a6d5   Thumb Code   146  queue.o(i.xQueueGenericReset)
    xQueueGenericSend                        0x0800a76d   Thumb Code   420  queue.o(i.xQueueGenericSend)
    xQueueGenericSendFromISR                 0x0800a915   Thumb Code   252  queue.o(i.xQueueGenericSendFromISR)
    xQueueReceive                            0x0800aa11   Thumb Code   356  queue.o(i.xQueueReceive)
    xTaskCheckForTimeOut                     0x0800ab79   Thumb Code   132  tasks.o(i.xTaskCheckForTimeOut)
    xTaskCreate                              0x0800ac05   Thumb Code   100  tasks.o(i.xTaskCreate)
    xTaskCreateStatic                        0x0800ac69   Thumb Code   186  tasks.o(i.xTaskCreateStatic)
    xTaskGenericNotify                       0x0800ad25   Thumb Code   278  tasks.o(i.xTaskGenericNotify)
    xTaskGenericNotifyFromISR                0x0800ae4d   Thumb Code   332  tasks.o(i.xTaskGenericNotifyFromISR)
    xTaskGetSchedulerState                   0x0800afb1   Thumb Code    24  tasks.o(i.xTaskGetSchedulerState)
    xTaskGetTickCount                        0x0800afd1   Thumb Code     6  tasks.o(i.xTaskGetTickCount)
    xTaskGetTickCountFromISR                 0x0800afdd   Thumb Code    16  tasks.o(i.xTaskGetTickCountFromISR)
    xTaskIncrementTick                       0x0800aff1   Thumb Code   280  tasks.o(i.xTaskIncrementTick)
    xTaskNotifyWait                          0x0800b135   Thumb Code   150  tasks.o(i.xTaskNotifyWait)
    xTaskPriorityDisinherit                  0x0800b1d5   Thumb Code   152  tasks.o(i.xTaskPriorityDisinherit)
    xTaskRemoveFromEventList                 0x0800b279   Thumb Code   126  tasks.o(i.xTaskRemoveFromEventList)
    xTaskResumeAll                           0x0800b311   Thumb Code   222  tasks.o(i.xTaskResumeAll)
    xTimerCreateTimerTask                    0x0800b415   Thumb Code   100  timers.o(i.xTimerCreateTimerTask)
    xTimerGenericCommand                     0x0800b48d   Thumb Code   128  timers.o(i.xTimerGenericCommand)
    defaultTask_attributes                   0x0800b518   Data          36  freertos.o(.constdata)
    Task_Control_attributes                  0x0800b550   Data          36  app_task_control.o(.constdata)
    Task_TCSM_attributes                     0x0800b588   Data          36  app_tcsm.o(.constdata)
    Task_TCSM_Driver1_attributes             0x0800b5ac   Data          36  app_tcsm.o(.constdata)
    TCSM_driver_task                         0x0800b5d0   Data           8  app_tcsm.o(.constdata)
    Task_SY_MOTOR_attributes                 0x0800b62c   Data          36  app_sy_motor.o(.constdata)
    Task_SY_MOTOR_Driver1_attributes         0x0800b650   Data         360  app_sy_motor.o(.constdata)
    SY_MOTOR_driver_task                     0x0800b7b8   Data          80  app_sy_motor.o(.constdata)
    Task_door_attributes                     0x0800b834   Data          36  app_door.o(.constdata)
    Task_probe_attributes                    0x0800b878   Data          36  app_probe.o(.constdata)
    SY_MOTOR_Ops_Default                     0x0800b8f8   Data          36  sy_motor_driver.o(.constdata)
    AHBPrescTable                            0x0800ba12   Data          16  system_stm32f4xx.o(.constdata)
    APBPrescTable                            0x0800ba22   Data           8  system_stm32f4xx.o(.constdata)
    Region$$Table$$Base                      0x0800be64   Number         0  anon$$obj.o(Region$$Table)
    Region$$Table$$Limit                     0x0800be84   Number         0  anon$$obj.o(Region$$Table)
    IO_OUTPUT_CONTROL                        0x20000000   Data         136  main.o(.data)
    IO_Input_Read                            0x20000088   Data         176  main.o(.data)
    defaultTaskHandle                        0x20000138   Data           4  freertos.o(.data)
    Task_Control_Handle                      0x20000140   Data           4  app_task_control.o(.data)
    g_taskcontrol_queue                      0x20000144   Data           4  app_task_control.o(.data)
    g_taskcontrol_mutex                      0x20000148   Data           4  app_task_control.o(.data)
    tx_taskcontrol_header                    0x20000150   Data          24  app_task_control.o(.data)
    tx_taskcontrol_data                      0x20000168   Data           8  app_task_control.o(.data)
    g_observer_head                          0x20000170   Data           4  app_task_control.o(.data)
    Task_TCSM_Handle                         0x20000174   Data           4  app_tcsm.o(.data)
    g_curr_sy                                0x20000178   Data           4  app_sy_motor.o(.data)
    Task_SY_MOTOR_Handle                     0x20000188   Data           4  app_sy_motor.o(.data)
    Task_door_Handle                         0x2000018c   Data           4  app_door.o(.data)
    Task_probe_Handle                        0x20000190   Data           4  app_probe.o(.data)
    TCSM_Board                               0x20000194   Data          24  tcsm.o(.data)
    TCSM_RTOS                                0x200001ac   Data          44  tcsm.o(.data)
    input_tcsm_args                          0x200001d8   Data           8  tcsm.o(.data)
    p_TCSM_RECEVIE_CALLBACK                  0x200001e0   Data           4  tcsm_handler.o(.data)
    p_TCSM_Erh_CALLBACK                      0x200001e4   Data           4  tcsm_handler.o(.data)
    SY_MOTOR_Board                           0x200001e8   Data          28  sy_motor.o(.data)
    SY_MOTOR_RTOS                            0x20000204   Data          44  sy_motor.o(.data)
    input_SY_MOTOR_args                      0x20000230   Data           8  sy_motor.o(.data)
    SY_MOTOR_RECEIVE_NEED_INIT_NUM           0x20000239   Data           1  sy_motor_driver.o(.data)
    p_SY_MOTOR_RECEVIE_CALLBACK              0x2000023c   Data           4  sy_motor_handler.o(.data)
    p_SY_MOTOR_Erh_CALLBACK                  0x20000240   Data           4  sy_motor_handler.o(.data)
    g_sv04_dev                               0x20000244   Data           3  sv04.o(.data)
    boob_Input_Read                          0x20000250   Data          80  jslz_onebus.o(.data)
    uwTick                                   0x200002c8   Data           4  stm32f4xx_hal.o(.data)
    uwTickPrio                               0x200002cc   Data           4  stm32f4xx_hal.o(.data)
    uwTickFreq                               0x200002d0   Data           1  stm32f4xx_hal.o(.data)
    SystemCoreClock                          0x200002d4   Data           4  system_stm32f4xx.o(.data)
    pxCurrentTCB                             0x200002d8   Data           4  tasks.o(.data)
    elog_assert_hook                         0x20000388   Data           4  elog.o(.data)
    __microlib_freelist                      0x2000038c   Data           4  mvars.o(.data)
    __microlib_freelist_initialised          0x20000390   Data           4  mvars.o(.data)
    hcan1                                    0x20000394   Data          40  can.o(.bss)
    hcan2                                    0x200003bc   Data          40  can.o(.bss)
    htim6                                    0x200003e4   Data          72  tim.o(.bss)
    htim7                                    0x2000042c   Data          72  tim.o(.bss)
    huart2                                   0x20000474   Data          72  usart.o(.bss)
    huart3                                   0x200004bc   Data          72  usart.o(.bss)
    hdma_usart2_rx                           0x20000504   Data          96  usart.o(.bss)
    hdma_usart3_rx                           0x20000564   Data          96  usart.o(.bss)
    htim5                                    0x200005c4   Data          72  stm32f4xx_hal_timebase_tim.o(.bss)
    TCSM_self                                0x20000618   Data          64  app_tcsm.o(.bss)
    SY_MOTOR_self                            0x20000710   Data         184  app_sy_motor.o(.bss)
    xQueueRegistry                           0x20000bb0   Data          64  queue.o(.bss)
    _SEGGER_RTT                              0x20005484   Data         168  segger_rtt.o(.bss)
    __heap_base                              0x20005e38   Data           0  startup_stm32f407xx.o(HEAP)
    __heap_limit                             0x20006038   Data           0  startup_stm32f407xx.o(HEAP)
    __initial_sp                             0x20006438   Data           0  startup_stm32f407xx.o(STACK)



==============================================================================

Memory Map of the image

  Image Entry point : 0x08000189

  Load Region LR_IROM1 (Base: 0x08000000, Size: 0x0000c218, Max: 0x00080000, ABSOLUTE, COMPRESSED[0x0000c000])

    Execution Region ER_IROM1 (Exec base: 0x08000000, Load base: 0x08000000, Size: 0x0000be84, Max: 0x00080000, ABSOLUTE)

    Exec Addr    Load Addr    Size         Type   Attr      Idx    E Section Name        Object

    0x08000000   0x08000000   0x00000188   Data   RO            3    RESET               startup_stm32f407xx.o
    0x08000188   0x08000188   0x00000000   Code   RO         7271  * .ARM.Collect$$$$00000000  mc_w.l(entry.o)
    0x08000188   0x08000188   0x00000004   Code   RO         7583    .ARM.Collect$$$$00000001  mc_w.l(entry2.o)
    0x0800018c   0x0800018c   0x00000004   Code   RO         7586    .ARM.Collect$$$$00000004  mc_w.l(entry5.o)
    0x08000190   0x08000190   0x00000000   Code   RO         7588    .ARM.Collect$$$$00000008  mc_w.l(entry7b.o)
    0x08000190   0x08000190   0x00000000   Code   RO         7590    .ARM.Collect$$$$0000000A  mc_w.l(entry8b.o)
    0x08000190   0x08000190   0x00000008   Code   RO         7591    .ARM.Collect$$$$0000000B  mc_w.l(entry9a.o)
    0x08000198   0x08000198   0x00000004   Code   RO         7598    .ARM.Collect$$$$0000000E  mc_w.l(entry12b.o)
    0x0800019c   0x0800019c   0x00000000   Code   RO         7593    .ARM.Collect$$$$0000000F  mc_w.l(entry10a.o)
    0x0800019c   0x0800019c   0x00000000   Code   RO         7595    .ARM.Collect$$$$00000011  mc_w.l(entry11a.o)
    0x0800019c   0x0800019c   0x00000004   Code   RO         7584    .ARM.Collect$$$$00002712  mc_w.l(entry2.o)
    0x080001a0   0x080001a0   0x000000be   Code   RO         6535    .emb_text           port.o
    0x0800025e   0x0800025e   0x00000002   PAD
    0x08000260   0x08000260   0x00000024   Code   RO            4    .text               startup_stm32f407xx.o
    0x08000284   0x08000284   0x00000062   Code   RO         7274    .text               mc_w.l(uldiv.o)
    0x080002e6   0x080002e6   0x00000024   Code   RO         7276    .text               mc_w.l(memcpya.o)
    0x0800030a   0x0800030a   0x00000024   Code   RO         7280    .text               mc_w.l(memseta.o)
    0x0800032e   0x0800032e   0x00000024   Code   RO         7282    .text               mc_w.l(strstr.o)
    0x08000352   0x08000352   0x0000000e   Code   RO         7286    .text               mc_w.l(strlen.o)
    0x08000360   0x08000360   0x0000001e   Code   RO         7290    .text               mc_w.l(strncmp.o)
    0x0800037e   0x0800037e   0x0000002c   Code   RO         7602    .text               mc_w.l(uidiv.o)
    0x080003aa   0x080003aa   0x0000001e   Code   RO         7604    .text               mc_w.l(llshl.o)
    0x080003c8   0x080003c8   0x00000020   Code   RO         7606    .text               mc_w.l(llushr.o)
    0x080003e8   0x080003e8   0x00000000   Code   RO         7610    .text               mc_w.l(iusefp.o)
    0x080003e8   0x080003e8   0x0000014e   Code   RO         7611    .text               mf_w.l(dadd.o)
    0x08000536   0x08000536   0x000000e4   Code   RO         7613    .text               mf_w.l(dmul.o)
    0x0800061a   0x0800061a   0x000000de   Code   RO         7615    .text               mf_w.l(ddiv.o)
    0x080006f8   0x080006f8   0x00000030   Code   RO         7617    .text               mf_w.l(dfixul.o)
    0x08000728   0x08000728   0x00000030   Code   RO         7619    .text               mf_w.l(cdrcmple.o)
    0x08000758   0x08000758   0x00000024   Code   RO         7621    .text               mc_w.l(init.o)
    0x0800077c   0x0800077c   0x00000024   Code   RO         7624    .text               mc_w.l(llsshr.o)
    0x080007a0   0x080007a0   0x000000ba   Code   RO         7627    .text               mf_w.l(depilogue.o)
    0x0800085a   0x0800085a   0x00000056   Code   RO         7637    .text               mc_w.l(__dczerorl2.o)
    0x080008b0   0x080008b0   0x00000090   Code   RO          949    i.APP_Init          app_init.o
    0x08000940   0x08000940   0x000002e8   Code   RO          977    i.APP_SY_MOTORTask  app_sy_motor.o
    0x08000c28   0x08000c28   0x00000378   Code   RO          978    i.APP_SY_MOTOR_Driver_Task  app_sy_motor.o
    0x08000fa0   0x08000fa0   0x00000060   Code   RO          824    i.APP_TASK_CONTROL_COMMAND_SEND  app_task_control.o
    0x08001000   0x08001000   0x00000350   Code   RO          894    i.APP_TCSM_Driver1_Task  app_tcsm.o
    0x08001350   0x08001350   0x00000380   Code   RO          825    i.APP_Task_Control  app_task_control.o
    0x080016d0   0x080016d0   0x00000064   Code   RO         1052    i.APP_doorTask      app_door.o
    0x08001734   0x08001734   0x000000d8   Code   RO         1096    i.APP_probeTask     app_probe.o
    0x0800180c   0x0800180c   0x000001cc   Code   RO          895    i.APP_tcsmTask      app_tcsm.o
    0x080019d8   0x080019d8   0x00000020   Code   RO          151    i.Auxiluary_IO_CONTROL  main.o
    0x080019f8   0x080019f8   0x0000001c   Code   RO          152    i.Auxiluary_Input_Read  main.o
    0x08001a14   0x08001a14   0x00000004   Code   RO          601    i.BusFault_Handler  stm32f4xx_it.o
    0x08001a18   0x08001a18   0x00000060   Code   RO          826    i.CAN1_RE_Int_CALLBACK  app_task_control.o
    0x08001a78   0x08001a78   0x00000010   Code   RO          602    i.CAN1_RX0_IRQHandler  stm32f4xx_it.o
    0x08001a88   0x08001a88   0x00000064   Code   RO          299    i.CAN1_Transimit    freertos.o
    0x08001aec   0x08001aec   0x00000064   Code   RO          979    i.CAN1_addliquid_CallBack  app_sy_motor.o
    0x08001b50   0x08001b50   0x00000002   Code   RO          896    i.CAN2_RE_Int_CALLBACK  app_tcsm.o
    0x08001b52   0x08001b52   0x00000002   PAD
    0x08001b54   0x08001b54   0x00000010   Code   RO          603    i.CAN2_RX1_IRQHandler  stm32f4xx_it.o
    0x08001b64   0x08001b64   0x0000003c   Code   RO         7202    i.CRC16_Modbus_BigEndian  checksum.o
    0x08001ba0   0x08001ba0   0x00000010   Code   RO          604    i.DMA1_Stream1_IRQHandler  stm32f4xx_it.o
    0x08001bb0   0x08001bb0   0x00000010   Code   RO          605    i.DMA1_Stream5_IRQHandler  stm32f4xx_it.o
    0x08001bc0   0x08001bc0   0x00000034   Code   RO         3721    i.DMA_CalcBaseAndBitshift  stm32f4xx_hal_dma.o
    0x08001bf4   0x08001bf4   0x000000aa   Code   RO         3722    i.DMA_CheckFifoParam  stm32f4xx_hal_dma.o
    0x08001c9e   0x08001c9e   0x0000002c   Code   RO         3723    i.DMA_SetConfig     stm32f4xx_hal_dma.o
    0x08001cca   0x08001cca   0x00000002   Code   RO          606    i.DebugMon_Handler  stm32f4xx_it.o
    0x08001ccc   0x08001ccc   0x0000000a   Code   RO          607    i.EXTI0_IRQHandler  stm32f4xx_it.o
    0x08001cd6   0x08001cd6   0x0000002c   Code   RO          608    i.EXTI15_10_IRQHandler  stm32f4xx_it.o
    0x08001d02   0x08001d02   0x0000000a   Code   RO          609    i.EXTI1_IRQHandler  stm32f4xx_it.o
    0x08001d0c   0x08001d0c   0x0000000a   Code   RO          610    i.EXTI3_IRQHandler  stm32f4xx_it.o
    0x08001d16   0x08001d16   0x0000000a   Code   RO          611    i.EXTI4_IRQHandler  stm32f4xx_it.o
    0x08001d20   0x08001d20   0x0000000c   Code   RO          612    i.EXTI9_5_IRQHandler  stm32f4xx_it.o
    0x08001d2c   0x08001d2c   0x00000006   Code   RO          153    i.Error_Handler     main.o
    0x08001d32   0x08001d32   0x00000014   Code   RO         1239    i.EventCenter_Publish  task_control_sub.o
    0x08001d46   0x08001d46   0x00000030   Code   RO         1240    i.EventCenter_Subscribe  task_control_sub.o
    0x08001d76   0x08001d76   0x00000030   Code   RO         1241    i.EventCenter_clearflag  task_control_sub.o
    0x08001da6   0x08001da6   0x0000003e   Code   RO         1242    i.EventCenter_craetAndadd  task_control_sub.o
    0x08001de4   0x08001de4   0x00000012   Code   RO         7174    i.FloatToByte       endian.o
    0x08001df6   0x08001df6   0x0000002a   Code   RO         2984    i.HAL_CAN_ActivateNotification  stm32f4xx_hal_can.o
    0x08001e20   0x08001e20   0x0000014a   Code   RO         2985    i.HAL_CAN_AddTxMessage  stm32f4xx_hal_can.o
    0x08001f6a   0x08001f6a   0x00000002   PAD
    0x08001f6c   0x08001f6c   0x00000120   Code   RO         2986    i.HAL_CAN_ConfigFilter  stm32f4xx_hal_can.o
    0x0800208c   0x0800208c   0x0000002a   Code   RO         2988    i.HAL_CAN_DeactivateNotification  stm32f4xx_hal_can.o
    0x080020b6   0x080020b6   0x00000002   Code   RO         2989    i.HAL_CAN_ErrorCallback  stm32f4xx_hal_can.o
    0x080020b8   0x080020b8   0x00000028   Code   RO         2991    i.HAL_CAN_GetRxFifoFillLevel  stm32f4xx_hal_can.o
    0x080020e0   0x080020e0   0x00000194   Code   RO         2992    i.HAL_CAN_GetRxMessage  stm32f4xx_hal_can.o
    0x08002274   0x08002274   0x00000036   Code   RO         2994    i.HAL_CAN_GetTxMailboxesFreeLevel  stm32f4xx_hal_can.o
    0x080022aa   0x080022aa   0x0000024e   Code   RO         2996    i.HAL_CAN_IRQHandler  stm32f4xx_hal_can.o
    0x080024f8   0x080024f8   0x00000174   Code   RO         2997    i.HAL_CAN_Init      stm32f4xx_hal_can.o
    0x0800266c   0x0800266c   0x00000164   Code   RO          429    i.HAL_CAN_MspInit   can.o
    0x080027d0   0x080027d0   0x00000002   Code   RO         3004    i.HAL_CAN_RxFifo0FullCallback  stm32f4xx_hal_can.o
    0x080027d2   0x080027d2   0x00000002   PAD
    0x080027d4   0x080027d4   0x00000020   Code   RO           13    i.HAL_CAN_RxFifo0MsgPendingCallback  canfliter_init.o
    0x080027f4   0x080027f4   0x00000002   Code   RO         3006    i.HAL_CAN_RxFifo1FullCallback  stm32f4xx_hal_can.o
    0x080027f6   0x080027f6   0x00000002   PAD
    0x080027f8   0x080027f8   0x00000020   Code   RO         1314    i.HAL_CAN_RxFifo1MsgPendingCallback  tcsm.o
    0x08002818   0x08002818   0x00000002   Code   RO         3008    i.HAL_CAN_SleepCallback  stm32f4xx_hal_can.o
    0x0800281a   0x0800281a   0x0000005e   Code   RO         3009    i.HAL_CAN_Start     stm32f4xx_hal_can.o
    0x08002878   0x08002878   0x00000002   Code   RO         3011    i.HAL_CAN_TxMailbox0AbortCallback  stm32f4xx_hal_can.o
    0x0800287a   0x0800287a   0x00000002   Code   RO         3012    i.HAL_CAN_TxMailbox0CompleteCallback  stm32f4xx_hal_can.o
    0x0800287c   0x0800287c   0x00000002   Code   RO         3013    i.HAL_CAN_TxMailbox1AbortCallback  stm32f4xx_hal_can.o
    0x0800287e   0x0800287e   0x00000002   Code   RO         3014    i.HAL_CAN_TxMailbox1CompleteCallback  stm32f4xx_hal_can.o
    0x08002880   0x08002880   0x00000002   Code   RO         3015    i.HAL_CAN_TxMailbox2AbortCallback  stm32f4xx_hal_can.o
    0x08002882   0x08002882   0x00000002   Code   RO         3016    i.HAL_CAN_TxMailbox2CompleteCallback  stm32f4xx_hal_can.o
    0x08002884   0x08002884   0x00000002   Code   RO         3018    i.HAL_CAN_WakeUpFromRxMsgCallback  stm32f4xx_hal_can.o
    0x08002886   0x08002886   0x000000ac   Code   RO         3724    i.HAL_DMA_Abort     stm32f4xx_hal_dma.o
    0x08002932   0x08002932   0x00000028   Code   RO         3725    i.HAL_DMA_Abort_IT  stm32f4xx_hal_dma.o
    0x0800295a   0x0800295a   0x00000006   Code   RO         3727    i.HAL_DMA_GetError  stm32f4xx_hal_dma.o
    0x08002960   0x08002960   0x00000240   Code   RO         3729    i.HAL_DMA_IRQHandler  stm32f4xx_hal_dma.o
    0x08002ba0   0x08002ba0   0x000000ec   Code   RO         3730    i.HAL_DMA_Init      stm32f4xx_hal_dma.o
    0x08002c8c   0x08002c8c   0x00000092   Code   RO         3734    i.HAL_DMA_Start_IT  stm32f4xx_hal_dma.o
    0x08002d1e   0x08002d1e   0x00000002   PAD
    0x08002d20   0x08002d20   0x00000028   Code   RO         4166    i.HAL_Delay         stm32f4xx_hal.o
    0x08002d48   0x08002d48   0x0000009c   Code   RO         4348    i.HAL_EXTI_GetConfigLine  stm32f4xx_hal_exti.o
    0x08002de4   0x08002de4   0x0000000c   Code   RO          613    i.HAL_GPIO_EXTI_Callback  stm32f4xx_it.o
    0x08002df0   0x08002df0   0x0000001c   Code   RO         3616    i.HAL_GPIO_EXTI_IRQHandler  stm32f4xx_hal_gpio.o
    0x08002e0c   0x08002e0c   0x000001f4   Code   RO         3617    i.HAL_GPIO_Init     stm32f4xx_hal_gpio.o
    0x08003000   0x08003000   0x00000010   Code   RO         3619    i.HAL_GPIO_ReadPin  stm32f4xx_hal_gpio.o
    0x08003010   0x08003010   0x00000014   Code   RO         3620    i.HAL_GPIO_TogglePin  stm32f4xx_hal_gpio.o
    0x08003024   0x08003024   0x0000000c   Code   RO         3621    i.HAL_GPIO_WritePin  stm32f4xx_hal_gpio.o
    0x08003030   0x08003030   0x0000000c   Code   RO         4172    i.HAL_GetTick       stm32f4xx_hal.o
    0x0800303c   0x0800303c   0x00000018   Code   RO         4178    i.HAL_IncTick       stm32f4xx_hal.o
    0x08003054   0x08003054   0x0000003c   Code   RO         4179    i.HAL_Init          stm32f4xx_hal.o
    0x08003090   0x08003090   0x000000b4   Code   RO          785    i.HAL_InitTick      stm32f4xx_hal_timebase_tim.o
    0x08003144   0x08003144   0x00000054   Code   RO          761    i.HAL_MspInit       stm32f4xx_hal_msp.o
    0x08003198   0x08003198   0x0000002c   Code   RO         4008    i.HAL_NVIC_DisableIRQ  stm32f4xx_hal_cortex.o
    0x080031c4   0x080031c4   0x00000028   Code   RO         4009    i.HAL_NVIC_EnableIRQ  stm32f4xx_hal_cortex.o
    0x080031ec   0x080031ec   0x0000007c   Code   RO         4015    i.HAL_NVIC_SetPriority  stm32f4xx_hal_cortex.o
    0x08003268   0x08003268   0x00000028   Code   RO         4016    i.HAL_NVIC_SetPriorityGrouping  stm32f4xx_hal_cortex.o
    0x08003290   0x08003290   0x00000184   Code   RO         3218    i.HAL_RCC_ClockConfig  stm32f4xx_hal_rcc.o
    0x08003414   0x08003414   0x00000044   Code   RO         3222    i.HAL_RCC_GetClockConfig  stm32f4xx_hal_rcc.o
    0x08003458   0x08003458   0x0000000c   Code   RO         3223    i.HAL_RCC_GetHCLKFreq  stm32f4xx_hal_rcc.o
    0x08003464   0x08003464   0x00000020   Code   RO         3225    i.HAL_RCC_GetPCLK1Freq  stm32f4xx_hal_rcc.o
    0x08003484   0x08003484   0x00000020   Code   RO         3226    i.HAL_RCC_GetPCLK2Freq  stm32f4xx_hal_rcc.o
    0x080034a4   0x080034a4   0x000000b0   Code   RO         3227    i.HAL_RCC_GetSysClockFreq  stm32f4xx_hal_rcc.o
    0x08003554   0x08003554   0x0000049c   Code   RO         3230    i.HAL_RCC_OscConfig  stm32f4xx_hal_rcc.o
    0x080039f0   0x080039f0   0x00000002   Code   RO         2716    i.HAL_TIMEx_BreakCallback  stm32f4xx_hal_tim_ex.o
    0x080039f2   0x080039f2   0x00000002   Code   RO         2717    i.HAL_TIMEx_CommutCallback  stm32f4xx_hal_tim_ex.o
    0x080039f4   0x080039f4   0x000000b4   Code   RO         2735    i.HAL_TIMEx_MasterConfigSynchronization  stm32f4xx_hal_tim_ex.o
    0x08003aa8   0x08003aa8   0x00000066   Code   RO         2001    i.HAL_TIM_Base_Init  stm32f4xx_hal_tim.o
    0x08003b0e   0x08003b0e   0x00000002   PAD
    0x08003b10   0x08003b10   0x00000084   Code   RO          506    i.HAL_TIM_Base_MspInit  tim.o
    0x08003b94   0x08003b94   0x000000a8   Code   RO         2006    i.HAL_TIM_Base_Start_IT  stm32f4xx_hal_tim.o
    0x08003c3c   0x08003c3c   0x0000003e   Code   RO         2009    i.HAL_TIM_Base_Stop_IT  stm32f4xx_hal_tim.o
    0x08003c7a   0x08003c7a   0x00000002   Code   RO         2035    i.HAL_TIM_IC_CaptureCallback  stm32f4xx_hal_tim.o
    0x08003c7c   0x08003c7c   0x0000016c   Code   RO         2049    i.HAL_TIM_IRQHandler  stm32f4xx_hal_tim.o
    0x08003de8   0x08003de8   0x00000002   Code   RO         2052    i.HAL_TIM_OC_DelayElapsedCallback  stm32f4xx_hal_tim.o
    0x08003dea   0x08003dea   0x00000002   Code   RO         2079    i.HAL_TIM_PWM_PulseFinishedCallback  stm32f4xx_hal_tim.o
    0x08003dec   0x08003dec   0x0000003c   Code   RO          154    i.HAL_TIM_PeriodElapsedCallback  main.o
    0x08003e28   0x08003e28   0x00000002   Code   RO         2092    i.HAL_TIM_TriggerCallback  stm32f4xx_hal_tim.o
    0x08003e2a   0x08003e2a   0x00000006   Code   RO         4425    i.HAL_UARTEx_GetRxEventType  stm32f4xx_hal_uart.o
    0x08003e30   0x08003e30   0x00000070   Code   RO         4427    i.HAL_UARTEx_ReceiveToIdle_DMA  stm32f4xx_hal_uart.o
    0x08003ea0   0x08003ea0   0x00000028   Code   RO          614    i.HAL_UARTEx_RxEventCallback  stm32f4xx_it.o
    0x08003ec8   0x08003ec8   0x000000c4   Code   RO         4432    i.HAL_UART_AbortReceive  stm32f4xx_hal_uart.o
    0x08003f8c   0x08003f8c   0x00000002   Code   RO         4443    i.HAL_UART_ErrorCallback  stm32f4xx_hal_uart.o
    0x08003f8e   0x08003f8e   0x00000002   PAD
    0x08003f90   0x08003f90   0x00000308   Code   RO         4446    i.HAL_UART_IRQHandler  stm32f4xx_hal_uart.o
    0x08004298   0x08004298   0x00000076   Code   RO         4447    i.HAL_UART_Init     stm32f4xx_hal_uart.o
    0x0800430e   0x0800430e   0x00000002   PAD
    0x08004310   0x08004310   0x0000019c   Code   RO          554    i.HAL_UART_MspInit  usart.o
    0x080044ac   0x080044ac   0x00000002   Code   RO         4453    i.HAL_UART_RxCpltCallback  stm32f4xx_hal_uart.o
    0x080044ae   0x080044ae   0x00000002   Code   RO         4454    i.HAL_UART_RxHalfCpltCallback  stm32f4xx_hal_uart.o
    0x080044b0   0x080044b0   0x000000be   Code   RO         4455    i.HAL_UART_Transmit  stm32f4xx_hal_uart.o
    0x0800456e   0x0800456e   0x00000002   Code   RO         4458    i.HAL_UART_TxCpltCallback  stm32f4xx_hal_uart.o
    0x08004570   0x08004570   0x00000004   Code   RO          615    i.HardFault_Handler  stm32f4xx_it.o
    0x08004574   0x08004574   0x00000044   Code   RO          430    i.MX_CAN1_Init      can.o
    0x080045b8   0x080045b8   0x00000044   Code   RO          431    i.MX_CAN2_Init      can.o
    0x080045fc   0x080045fc   0x00000048   Code   RO          481    i.MX_DMA_Init       dma.o
    0x08004644   0x08004644   0x00000024   Code   RO          300    i.MX_FREERTOS_Init  freertos.o
    0x08004668   0x08004668   0x00000394   Code   RO          275    i.MX_GPIO_Init      gpio.o
    0x080049fc   0x080049fc   0x0000004c   Code   RO          507    i.MX_TIM6_Init      tim.o
    0x08004a48   0x08004a48   0x0000004c   Code   RO          508    i.MX_TIM7_Init      tim.o
    0x08004a94   0x08004a94   0x00000038   Code   RO          555    i.MX_USART2_UART_Init  usart.o
    0x08004acc   0x08004acc   0x00000038   Code   RO          556    i.MX_USART3_UART_Init  usart.o
    0x08004b04   0x08004b04   0x0000002c   Code   RO         1583    i.MYSY_MOTOR_Int_enable  sy_motor.o
    0x08004b30   0x08004b30   0x0000002c   Code   RO         1584    i.MYSY_MOTOR_Receice  sy_motor.o
    0x08004b5c   0x08004b5c   0x00000030   Code   RO         1585    i.MYSY_MOTOR_Transimit  sy_motor.o
    0x08004b8c   0x08004b8c   0x00000018   Code   RO         1586    i.MYSY_MOTOR_abort_Receice  sy_motor.o
    0x08004ba4   0x08004ba4   0x00000014   Code   RO         1315    i.MYTCSM_Int_enable  tcsm.o
    0x08004bb8   0x08004bb8   0x00000030   Code   RO         1316    i.MYTCSM_Receice    tcsm.o
    0x08004be8   0x08004be8   0x0000006c   Code   RO         1317    i.MYTCSM_Transimit  tcsm.o
    0x08004c54   0x08004c54   0x0000007c   Code   RO          980    i.MY_UART3_RxEventCallback  app_sy_motor.o
    0x08004cd0   0x08004cd0   0x00000004   Code   RO          616    i.MemManage_Handler  stm32f4xx_it.o
    0x08004cd4   0x08004cd4   0x00000004   Code   RO          617    i.NMI_Handler       stm32f4xx_it.o
    0x08004cd8   0x08004cd8   0x00000042   Code   RO         1243    i.NotifyObservers   task_control_sub.o
    0x08004d1a   0x08004d1a   0x00000002   PAD
    0x08004d1c   0x08004d1c   0x00000038   Code   RO         1244    i.Observer_Create   task_control_sub.o
    0x08004d54   0x08004d54   0x00000018   Code   RO         1245    i.Observer_init     task_control_sub.o
    0x08004d6c   0x08004d6c   0x0000004c   Code   RO         6637    i.SEGGER_RTT_Write  segger_rtt.o
    0x08004db8   0x08004db8   0x00000084   Code   RO         6640    i.SEGGER_RTT_WriteNoLock  segger_rtt.o
    0x08004e3c   0x08004e3c   0x00000022   Code   RO         6849    i.SEGGER_RTT_printf  segger_rtt_printf.o
    0x08004e5e   0x08004e5e   0x00000002   PAD
    0x08004e60   0x08004e60   0x00000220   Code   RO         6850    i.SEGGER_RTT_vprintf  segger_rtt_printf.o
    0x08005080   0x08005080   0x0000000c   Code   RO         1838    i.SV04M_recv_info_callback  sv04.o
    0x0800508c   0x0800508c   0x00000088   Code   RO         1697    i.SY_MOTOR_Aspirate  sy_motor_driver.o
    0x08005114   0x08005114   0x00000012   Code   RO         1587    i.SY_MOTOR_COMMMAD_BUS_BACK  sy_motor.o
    0x08005126   0x08005126   0x00000002   PAD
    0x08005128   0x08005128   0x00000088   Code   RO         1698    i.SY_MOTOR_Dispense  sy_motor_driver.o
    0x080051b0   0x080051b0   0x0000000c   Code   RO         1699    i.SY_MOTOR_INIT_RECEIVE_OK  sy_motor_driver.o
    0x080051bc   0x080051bc   0x0000002c   Code   RO         1588    i.SY_MOTOR_Int_disable  sy_motor.o
    0x080051e8   0x080051e8   0x00000040   Code   RO         1589    i.SY_MOTOR_Noti_From_ISR  sy_motor.o
    0x08005228   0x08005228   0x00000026   Code   RO         1590    i.SY_MOTOR_Noti_wait  sy_motor.o
    0x0800524e   0x0800524e   0x0000001e   Code   RO         1591    i.SY_MOTOR_Notify   sy_motor.o
    0x0800526c   0x0800526c   0x00000012   Code   RO         1592    i.SY_MOTOR_Queue_delete  sy_motor.o
    0x0800527e   0x0800527e   0x00000022   Code   RO         1593    i.SY_MOTOR_Queue_recv  sy_motor.o
    0x080052a0   0x080052a0   0x00000020   Code   RO         1594    i.SY_MOTOR_Queue_send  sy_motor.o
    0x080052c0   0x080052c0   0x00000074   Code   RO         1700    i.SY_MOTOR_RESET    sy_motor_driver.o
    0x08005334   0x08005334   0x00000028   Code   RO         1783    i.SY_MOTOR_Register_Init  sy_motor_handler.o
    0x0800535c   0x0800535c   0x00000028   Code   RO         1595    i.SY_MOTOR_Task_Create  sy_motor.o
    0x08005384   0x08005384   0x0000000c   Code   RO         1596    i.SY_MOTOR_Task_Delete  sy_motor.o
    0x08005390   0x08005390   0x00000188   Code   RO         1701    i.SY_MOTOR_driver_Inst  sy_motor_driver.o
    0x08005518   0x08005518   0x00000088   Code   RO         1703    i.SY_MOTOR_get_channel  sy_motor_driver.o
    0x080055a0   0x080055a0   0x0000010c   Code   RO         1704    i.SY_MOTOR_get_step  sy_motor_driver.o
    0x080056ac   0x080056ac   0x0000003c   Code   RO         1784    i.SY_MOTOR_handler_Register  sy_motor_handler.o
    0x080056e8   0x080056e8   0x000000d0   Code   RO         1785    i.SY_MOTOR_handler_init  sy_motor_handler.o
    0x080057b8   0x080057b8   0x000000fc   Code   RO         1786    i.SY_MOTOR_handler_inst  sy_motor_handler.o
    0x080058b4   0x080058b4   0x0000001e   Code   RO         1705    i.SY_MOTOR_receive_callback  sy_motor_driver.o
    0x080058d2   0x080058d2   0x00000002   PAD
    0x080058d4   0x080058d4   0x0000000c   Code   RO         1788    i.SY_MOTOR_register_Rx_callback  sy_motor_handler.o
    0x080058e0   0x080058e0   0x0000008c   Code   RO         1706    i.SY_MOTOR_set_channel  sy_motor_driver.o
    0x0800596c   0x0800596c   0x0000010c   Code   RO         1707    i.SY_MOTOR_set_speed  sy_motor_driver.o
    0x08005a78   0x08005a78   0x00000078   Code   RO         1708    i.SY_MOTOR_stop     sy_motor_driver.o
    0x08005af0   0x08005af0   0x00000026   Code   RO         7251    i.Sensor_Init       chain_sensor.o
    0x08005b16   0x08005b16   0x00000002   PAD
    0x08005b18   0x08005b18   0x000000f4   Code   RO          301    i.StartDefaultTask  freertos.o
    0x08005c0c   0x08005c0c   0x00000016   Code   RO         5956    i.SysTick_Handler   cmsis_os2.o
    0x08005c22   0x08005c22   0x00000002   PAD
    0x08005c24   0x08005c24   0x000000b4   Code   RO          155    i.SystemClock_Config  main.o
    0x08005cd8   0x08005cd8   0x00000014   Code   RO         4791    i.SystemInit        system_stm32f4xx.o
    0x08005cec   0x08005cec   0x00000098   Code   RO         1508    i.TCSM_BACKWARD     tcsm_driver.o
    0x08005d84   0x08005d84   0x00000012   Code   RO         1318    i.TCSM_COMMMAD_BUS_BACK  tcsm.o
    0x08005d96   0x08005d96   0x00000002   PAD
    0x08005d98   0x08005d98   0x00000130   Code   RO         1509    i.TCSM_CON_TEST     tcsm_driver.o
    0x08005ec8   0x08005ec8   0x00000098   Code   RO         1510    i.TCSM_FORWARD      tcsm_driver.o
    0x08005f60   0x08005f60   0x00000014   Code   RO         1319    i.TCSM_Int_disable  tcsm.o
    0x08005f74   0x08005f74   0x0000003c   Code   RO         1320    i.TCSM_Noti_From_ISR  tcsm.o
    0x08005fb0   0x08005fb0   0x0000002a   Code   RO         1321    i.TCSM_Noti_wait    tcsm.o
    0x08005fda   0x08005fda   0x0000001e   Code   RO         1322    i.TCSM_Notify       tcsm.o
    0x08005ff8   0x08005ff8   0x00000094   Code   RO         1511    i.TCSM_POSITION     tcsm_driver.o
    0x0800608c   0x0800608c   0x0000001e   Code   RO         1323    i.TCSM_Queue_create  tcsm.o
    0x080060aa   0x080060aa   0x00000018   Code   RO         1324    i.TCSM_Queue_delete  tcsm.o
    0x080060c2   0x080060c2   0x00000022   Code   RO         1325    i.TCSM_Queue_recv   tcsm.o
    0x080060e4   0x080060e4   0x0000001e   Code   RO         1326    i.TCSM_Queue_send   tcsm.o
    0x08006102   0x08006102   0x00000002   PAD
    0x08006104   0x08006104   0x00000130   Code   RO         1512    i.TCSM_RESET        tcsm_driver.o
    0x08006234   0x08006234   0x00000030   Code   RO         1459    i.TCSM_Register_Init  tcsm_handler.o
    0x08006264   0x08006264   0x000000ec   Code   RO         1513    i.TCSM_SET_SPEED    tcsm_driver.o
    0x08006350   0x08006350   0x00000078   Code   RO         1514    i.TCSM_STOP         tcsm_driver.o
    0x080063c8   0x080063c8   0x00000028   Code   RO         1327    i.TCSM_Task_Create  tcsm.o
    0x080063f0   0x080063f0   0x00000012   Code   RO         1328    i.TCSM_Task_Delete  tcsm.o
    0x08006402   0x08006402   0x00000014   Code   RO         1329    i.TCSM_Task_statecheck  tcsm.o
    0x08006416   0x08006416   0x00000002   PAD
    0x08006418   0x08006418   0x00000098   Code   RO         1515    i.TCSM_driver_Inst  tcsm_driver.o
    0x080064b0   0x080064b0   0x0000003c   Code   RO         1460    i.TCSM_handler_Register  tcsm_handler.o
    0x080064ec   0x080064ec   0x00000058   Code   RO         1461    i.TCSM_handler_init  tcsm_handler.o
    0x08006544   0x08006544   0x000000d0   Code   RO         1462    i.TCSM_handler_inst  tcsm_handler.o
    0x08006614   0x08006614   0x0000001a   Code   RO         1517    i.TCSM_receive_callback  tcsm_driver.o
    0x0800662e   0x0800662e   0x00000002   PAD
    0x08006630   0x08006630   0x0000000c   Code   RO         1464    i.TCSM_register_Rx_callback  tcsm_handler.o
    0x0800663c   0x0800663c   0x00000010   Code   RO          618    i.TIM5_IRQHandler   stm32f4xx_it.o
    0x0800664c   0x0800664c   0x00000010   Code   RO          619    i.TIM6_DAC_IRQHandler  stm32f4xx_it.o
    0x0800665c   0x0800665c   0x00000010   Code   RO          620    i.TIM7_IRQHandler   stm32f4xx_it.o
    0x0800666c   0x0800666c   0x000000e0   Code   RO         2094    i.TIM_Base_SetConfig  stm32f4xx_hal_tim.o
    0x0800674c   0x0800674c   0x00000012   Code   RO         4460    i.UART_DMAAbortOnError  stm32f4xx_hal_uart.o
    0x0800675e   0x0800675e   0x00000050   Code   RO         4461    i.UART_DMAError     stm32f4xx_hal_uart.o
    0x080067ae   0x080067ae   0x000000b4   Code   RO         4462    i.UART_DMAReceiveCplt  stm32f4xx_hal_uart.o
    0x08006862   0x08006862   0x00000024   Code   RO         4464    i.UART_DMARxHalfCplt  stm32f4xx_hal_uart.o
    0x08006886   0x08006886   0x0000006c   Code   RO         4470    i.UART_EndRxTransfer  stm32f4xx_hal_uart.o
    0x080068f2   0x080068f2   0x00000020   Code   RO         4471    i.UART_EndTransmit_IT  stm32f4xx_hal_uart.o
    0x08006912   0x08006912   0x00000026   Code   RO         4472    i.UART_EndTxTransfer  stm32f4xx_hal_uart.o
    0x08006938   0x08006938   0x000000fc   Code   RO         4473    i.UART_Receive_IT   stm32f4xx_hal_uart.o
    0x08006a34   0x08006a34   0x0000022c   Code   RO         4474    i.UART_SetConfig    stm32f4xx_hal_uart.o
    0x08006c60   0x08006c60   0x000000d8   Code   RO         4475    i.UART_Start_Receive_DMA  stm32f4xx_hal_uart.o
    0x08006d38   0x08006d38   0x00000060   Code   RO         4477    i.UART_Transmit_IT  stm32f4xx_hal_uart.o
    0x08006d98   0x08006d98   0x0000008c   Code   RO         4478    i.UART_WaitOnFlagUntilTimeout  stm32f4xx_hal_uart.o
    0x08006e24   0x08006e24   0x00000010   Code   RO          621    i.USART2_IRQHandler  stm32f4xx_it.o
    0x08006e34   0x08006e34   0x00000010   Code   RO          622    i.USART3_IRQHandler  stm32f4xx_it.o
    0x08006e44   0x08006e44   0x00000004   Code   RO          623    i.UsageFault_Handler  stm32f4xx_it.o
    0x08006e48   0x08006e48   0x00000070   Code   RO         6644    i._DoInit           segger_rtt.o
    0x08006eb8   0x08006eb8   0x0000001c   Code   RO         6645    i._GetAvailWriteSpace  segger_rtt.o
    0x08006ed4   0x08006ed4   0x000000ec   Code   RO         6851    i._PrintInt         segger_rtt_printf.o
    0x08006fc0   0x08006fc0   0x000000ec   Code   RO         6852    i._PrintUnsigned    segger_rtt_printf.o
    0x080070ac   0x080070ac   0x00000060   Code   RO          981    i._SY_MOTOR_appTask_Creat  app_sy_motor.o
    0x0800710c   0x0800710c   0x00000044   Code   RO         6853    i._StoreChar        segger_rtt_printf.o
    0x08007150   0x08007150   0x00000074   Code   RO          897    i._TCSM_appTask_Creat  app_tcsm.o
    0x080071c4   0x080071c4   0x00000076   Code   RO         6647    i._WriteBlocking    segger_rtt.o
    0x0800723a   0x0800723a   0x00000058   Code   RO         6648    i._WriteNoCheck     segger_rtt.o
    0x08007292   0x08007292   0x00000002   PAD
    0x08007294   0x08007294   0x00000034   Code   RO         7528    i.__0snprintf       mc_w.l(printfa.o)
    0x080072c8   0x080072c8   0x00000034   Code   RO         7532    i.__0vsnprintf      mc_w.l(printfa.o)
    0x080072fc   0x080072fc   0x00000010   Code   RO         4022    i.__NVIC_GetPriorityGrouping  stm32f4xx_hal_cortex.o
    0x0800730c   0x0800730c   0x00000028   Code   RO         4023    i.__NVIC_SetPriority  stm32f4xx_hal_cortex.o
    0x08007334   0x08007334   0x00000006   Code   RO         5958    i.__get_IPSR        cmsis_os2.o
    0x0800733a   0x0800733a   0x0000000e   Code   RO         7631    i.__scatterload_copy  mc_w.l(handlers.o)
    0x08007348   0x08007348   0x00000002   Code   RO         7632    i.__scatterload_null  mc_w.l(handlers.o)
    0x0800734a   0x0800734a   0x0000000e   Code   RO         7633    i.__scatterload_zeroinit  mc_w.l(handlers.o)
    0x08007358   0x08007358   0x0000005c   Code   RO         1053    i._app_door_close   app_door.o
    0x080073b4   0x080073b4   0x00000058   Code   RO         1054    i._app_door_open    app_door.o
    0x0800740c   0x0800740c   0x00000060   Code   RO         1097    i._app_probe_close  app_probe.o
    0x0800746c   0x0800746c   0x00000060   Code   RO         1098    i._app_probe_open   app_probe.o
    0x080074cc   0x080074cc   0x00000184   Code   RO         7534    i._fp_digits        mc_w.l(printfa.o)
    0x08007650   0x08007650   0x00000012   Code   RO         1246    i._pf_EventHandler_t  task_control_sub.o
    0x08007662   0x08007662   0x00000020   Code   RO         1247    i._pf_stop_EventHandler_t  task_control_sub.o
    0x08007682   0x08007682   0x00000002   PAD
    0x08007684   0x08007684   0x000006b4   Code   RO         7535    i._printf_core      mc_w.l(printfa.o)
    0x08007d38   0x08007d38   0x00000024   Code   RO         7536    i._printf_post_padding  mc_w.l(printfa.o)
    0x08007d5c   0x08007d5c   0x0000002e   Code   RO         7537    i._printf_pre_padding  mc_w.l(printfa.o)
    0x08007d8a   0x08007d8a   0x00000016   Code   RO         7538    i._snputc           mc_w.l(printfa.o)
    0x08007da0   0x08007da0   0x00000042   Code   RO         6948    i.app_elog_init     elog.o
    0x08007de2   0x08007de2   0x00000022   Code   RO         7175    i.big_to_little_uint32  endian.o
    0x08007e04   0x08007e04   0x00000074   Code   RO           14    i.canfilter_init    canfliter_init.o
    0x08007e78   0x08007e78   0x00000094   Code   RO         5394    i.eTaskGetState     tasks.o
    0x08007f0c   0x08007f0c   0x0000011c   Code   RO         6953    i.elog_get_filter_tag_lvl  elog.o
    0x08008028   0x08008028   0x00000050   Code   RO         6957    i.elog_init         elog.o
    0x08008078   0x08008078   0x0000041c   Code   RO         6958    i.elog_output       elog.o
    0x08008494   0x08008494   0x00000028   Code   RO         6959    i.elog_output_lock  elog.o
    0x080084bc   0x080084bc   0x00000040   Code   RO         6960    i.elog_output_lock_enabled  elog.o
    0x080084fc   0x080084fc   0x00000028   Code   RO         6961    i.elog_output_unlock  elog.o
    0x08008524   0x08008524   0x00000002   Code   RO         6888    i.elog_port_get_p_info  elog_port.o
    0x08008526   0x08008526   0x00000002   Code   RO         6889    i.elog_port_get_t_info  elog_port.o
    0x08008528   0x08008528   0x00000002   Code   RO         6890    i.elog_port_get_time  elog_port.o
    0x0800852a   0x0800852a   0x00000004   Code   RO         6891    i.elog_port_init    elog_port.o
    0x0800852e   0x0800852e   0x00000012   Code   RO         6892    i.elog_port_output  elog_port.o
    0x08008540   0x08008540   0x00000002   Code   RO         6893    i.elog_port_output_lock  elog_port.o
    0x08008542   0x08008542   0x00000002   Code   RO         6894    i.elog_port_output_unlock  elog_port.o
    0x08008544   0x08008544   0x000000cc   Code   RO         6965    i.elog_set_filter_lvl  elog.o
    0x08008610   0x08008610   0x0000003c   Code   RO         6968    i.elog_set_filter_tag_lvl_default  elog.o
    0x0800864c   0x0800864c   0x000000d0   Code   RO         6969    i.elog_set_fmt      elog.o
    0x0800871c   0x0800871c   0x000000e0   Code   RO         6970    i.elog_set_output_enabled  elog.o
    0x080087fc   0x080087fc   0x000000e0   Code   RO         6971    i.elog_set_text_color_enabled  elog.o
    0x080088dc   0x080088dc   0x0000009c   Code   RO         6972    i.elog_start        elog.o
    0x08008978   0x08008978   0x00000114   Code   RO         7151    i.elog_strcpy       elog_utils.o
    0x08008a8c   0x08008a8c   0x00000030   Code   RO         1897    i.exti_set_toggle_mode  jslz_onebus.o
    0x08008abc   0x08008abc   0x0000000e   Code   RO         1899    i.exti_stop         jslz_onebus.o
    0x08008aca   0x08008aca   0x00000002   PAD
    0x08008acc   0x08008acc   0x00000050   Code   RO         7555    i.free              mc_w.l(malloc.o)
    0x08008b1c   0x08008b1c   0x000000dc   Code   RO         6974    i.get_fmt_enabled   elog.o
    0x08008bf8   0x08008bf8   0x0000001c   Code   RO         6975    i.get_fmt_used_and_enabled_ptr  elog.o
    0x08008c14   0x08008c14   0x0000001c   Code   RO         6976    i.get_fmt_used_and_enabled_u32  elog.o
    0x08008c30   0x08008c30   0x00000040   Code   RO         1518    i.iner_init         tcsm_driver.o
    0x08008c70   0x08008c70   0x000000a8   Code   RO         1709    i.iner_init         sy_motor_driver.o
    0x08008d18   0x08008d18   0x00000018   Code   RO         1900    i.jslz_onebus_exti_callback  jslz_onebus.o
    0x08008d30   0x08008d30   0x000000c8   Code   RO         1906    i.jslz_onebus_tim1_callback  jslz_onebus.o
    0x08008df8   0x08008df8   0x00000058   Code   RO         1907    i.jslz_onebus_tim2_callback  jslz_onebus.o
    0x08008e50   0x08008e50   0x0000001e   Code   RO         7176    i.little_to_big_uint32  endian.o
    0x08008e6e   0x08008e6e   0x00000002   PAD
    0x08008e70   0x08008e70   0x000000b8   Code   RO          156    i.main              main.o
    0x08008f28   0x08008f28   0x0000006c   Code   RO         7556    i.malloc            mc_w.l(malloc.o)
    0x08008f94   0x08008f94   0x0000001e   Code   RO         5959    i.osDelay           cmsis_os2.o
    0x08008fb2   0x08008fb2   0x00000002   PAD
    0x08008fb4   0x08008fb4   0x0000002c   Code   RO         5973    i.osKernelInitialize  cmsis_os2.o
    0x08008fe0   0x08008fe0   0x00000060   Code   RO         5976    i.osKernelStart     cmsis_os2.o
    0x08009040   0x08009040   0x000000b8   Code   RO         6018    i.osThreadNew       cmsis_os2.o
    0x080090f8   0x080090f8   0x0000007c   Code   RO         5396    i.prvAddCurrentTaskToDelayedList  tasks.o
    0x08009174   0x08009174   0x000000b8   Code   RO         5397    i.prvAddNewTaskToReadyList  tasks.o
    0x0800922c   0x0800922c   0x00000074   Code   RO         5772    i.prvCheckForValidListAndQueue  timers.o
    0x080092a0   0x080092a0   0x00000048   Code   RO         5398    i.prvCheckTasksWaitingTermination  tasks.o
    0x080092e8   0x080092e8   0x0000002a   Code   RO         4983    i.prvCopyDataFromQueue  queue.o
    0x08009312   0x08009312   0x0000007e   Code   RO         4984    i.prvCopyDataToQueue  queue.o
    0x08009390   0x08009390   0x00000050   Code   RO         5399    i.prvDeleteTCB      tasks.o
    0x080093e0   0x080093e0   0x00000028   Code   RO         5773    i.prvGetNextExpireTime  timers.o
    0x08009408   0x08009408   0x0000007c   Code   RO         6480    i.prvHeapInit       heap_4.o
    0x08009484   0x08009484   0x00000028   Code   RO         5400    i.prvIdleTask       tasks.o
    0x080094ac   0x080094ac   0x0000002a   Code   RO         4987    i.prvInitialiseNewQueue  queue.o
    0x080094d6   0x080094d6   0x000000be   Code   RO         5401    i.prvInitialiseNewTask  tasks.o
    0x08009594   0x08009594   0x00000068   Code   RO         5402    i.prvInitialiseTaskLists  tasks.o
    0x080095fc   0x080095fc   0x00000068   Code   RO         6481    i.prvInsertBlockIntoFreeList  heap_4.o
    0x08009664   0x08009664   0x00000058   Code   RO         5775    i.prvInsertTimerInActiveList  timers.o
    0x080096bc   0x080096bc   0x0000001a   Code   RO         4988    i.prvIsQueueEmpty   queue.o
    0x080096d6   0x080096d6   0x0000001e   Code   RO         4989    i.prvIsQueueFull    queue.o
    0x080096f4   0x080096f4   0x00000074   Code   RO         5776    i.prvProcessExpiredTimer  timers.o
    0x08009768   0x08009768   0x00000164   Code   RO         5777    i.prvProcessReceivedCommands  timers.o
    0x080098cc   0x080098cc   0x00000074   Code   RO         5778    i.prvProcessTimerOrBlockTask  timers.o
    0x08009940   0x08009940   0x00000034   Code   RO         5404    i.prvResetNextTaskUnblockTime  tasks.o
    0x08009974   0x08009974   0x0000002c   Code   RO         5779    i.prvSampleTimeNow  timers.o
    0x080099a0   0x080099a0   0x000000a4   Code   RO         5780    i.prvSwitchTimerLists  timers.o
    0x08009a44   0x08009a44   0x00000040   Code   RO         6536    i.prvTaskExitError  port.o
    0x08009a84   0x08009a84   0x0000001a   Code   RO         5781    i.prvTimerTask      timers.o
    0x08009a9e   0x08009a9e   0x0000007e   Code   RO         4990    i.prvUnlockQueue    queue.o
    0x08009b1c   0x08009b1c   0x0000014c   Code   RO         6482    i.pvPortMalloc      heap_4.o
    0x08009c68   0x08009c68   0x0000002c   Code   RO         6537    i.pxPortInitialiseStack  port.o
    0x08009c94   0x08009c94   0x00000098   Code   RO          982    i.sy_analyze_data   app_sy_motor.o
    0x08009d2c   0x08009d2c   0x00000006   Code   RO          827    i.task_analyze_callback  app_task_control.o
    0x08009d32   0x08009d32   0x00000016   Code   RO         1908    i.tim_base_it       jslz_onebus.o
    0x08009d48   0x08009d48   0x0000001c   Code   RO         1909    i.tim_base_stop     jslz_onebus.o
    0x08009d64   0x08009d64   0x0000000a   Code   RO         1910    i.tim_set_cnt_zero  jslz_onebus.o
    0x08009d6e   0x08009d6e   0x00000028   Code   RO         4946    i.uxListRemove      list.o
    0x08009d96   0x08009d96   0x00000002   PAD
    0x08009d98   0x08009d98   0x00000018   Code   RO         6030    i.vApplicationGetIdleTaskMemory  cmsis_os2.o
    0x08009db0   0x08009db0   0x00000018   Code   RO         6031    i.vApplicationGetTimerTaskMemory  cmsis_os2.o
    0x08009dc8   0x08009dc8   0x0000001a   Code   RO         4947    i.vListInitialise   list.o
    0x08009de2   0x08009de2   0x00000006   Code   RO         4948    i.vListInitialiseItem  list.o
    0x08009de8   0x08009de8   0x00000034   Code   RO         4949    i.vListInsert       list.o
    0x08009e1c   0x08009e1c   0x00000018   Code   RO         4950    i.vListInsertEnd    list.o
    0x08009e34   0x08009e34   0x00000054   Code   RO         6539    i.vPortEnterCritical  port.o
    0x08009e88   0x08009e88   0x0000003c   Code   RO         6540    i.vPortExitCritical  port.o
    0x08009ec4   0x08009ec4   0x000000a4   Code   RO         6483    i.vPortFree         heap_4.o
    0x08009f68   0x08009f68   0x00000028   Code   RO         6541    i.vPortSetupTimerInterrupt  port.o
    0x08009f90   0x08009f90   0x00000078   Code   RO         6542    i.vPortValidateInterruptPriority  port.o
    0x0800a008   0x0800a008   0x0000002c   Code   RO         4996    i.vQueueAddToRegistry  queue.o
    0x0800a034   0x0800a034   0x00000032   Code   RO         4997    i.vQueueDelete      queue.o
    0x0800a066   0x0800a066   0x00000002   PAD
    0x0800a068   0x0800a068   0x00000030   Code   RO         4999    i.vQueueUnregisterQueue  queue.o
    0x0800a098   0x0800a098   0x0000004a   Code   RO         5000    i.vQueueWaitForMessageRestricted  queue.o
    0x0800a0e2   0x0800a0e2   0x00000002   PAD
    0x0800a0e4   0x0800a0e4   0x0000005c   Code   RO         5417    i.vTaskDelay        tasks.o
    0x0800a140   0x0800a140   0x000000c8   Code   RO         5419    i.vTaskDelete       tasks.o
    0x0800a208   0x0800a208   0x00000018   Code   RO         5422    i.vTaskInternalSetTimeOutState  tasks.o
    0x0800a220   0x0800a220   0x0000000c   Code   RO         5423    i.vTaskMissedYield  tasks.o
    0x0800a22c   0x0800a22c   0x00000038   Code   RO         5425    i.vTaskPlaceOnEventList  tasks.o
    0x0800a264   0x0800a264   0x00000040   Code   RO         5426    i.vTaskPlaceOnEventListRestricted  tasks.o
    0x0800a2a4   0x0800a2a4   0x000000b8   Code   RO         5434    i.vTaskStartScheduler  tasks.o
    0x0800a35c   0x0800a35c   0x00000010   Code   RO         5436    i.vTaskSuspendAll   tasks.o
    0x0800a36c   0x0800a36c   0x00000090   Code   RO         5437    i.vTaskSwitchContext  tasks.o
    0x0800a3fc   0x0800a3fc   0x00000168   Code   RO         6543    i.xPortStartScheduler  port.o
    0x0800a564   0x0800a564   0x00000034   Code   RO         6544    i.xPortSysTickHandler  port.o
    0x0800a598   0x0800a598   0x0000005a   Code   RO         5005    i.xQueueGenericCreate  queue.o
    0x0800a5f2   0x0800a5f2   0x000000e0   Code   RO         5006    i.xQueueGenericCreateStatic  queue.o
    0x0800a6d2   0x0800a6d2   0x00000002   PAD
    0x0800a6d4   0x0800a6d4   0x00000098   Code   RO         5007    i.xQueueGenericReset  queue.o
    0x0800a76c   0x0800a76c   0x000001a8   Code   RO         5008    i.xQueueGenericSend  queue.o
    0x0800a914   0x0800a914   0x000000fc   Code   RO         5009    i.xQueueGenericSendFromISR  queue.o
    0x0800aa10   0x0800aa10   0x00000168   Code   RO         5018    i.xQueueReceive     queue.o
    0x0800ab78   0x0800ab78   0x0000008c   Code   RO         5439    i.xTaskCheckForTimeOut  tasks.o
    0x0800ac04   0x0800ac04   0x00000064   Code   RO         5440    i.xTaskCreate       tasks.o
    0x0800ac68   0x0800ac68   0x000000ba   Code   RO         5441    i.xTaskCreateStatic  tasks.o
    0x0800ad22   0x0800ad22   0x00000002   PAD
    0x0800ad24   0x0800ad24   0x00000128   Code   RO         5442    i.xTaskGenericNotify  tasks.o
    0x0800ae4c   0x0800ae4c   0x00000164   Code   RO         5443    i.xTaskGenericNotifyFromISR  tasks.o
    0x0800afb0   0x0800afb0   0x00000020   Code   RO         5445    i.xTaskGetSchedulerState  tasks.o
    0x0800afd0   0x0800afd0   0x0000000c   Code   RO         5446    i.xTaskGetTickCount  tasks.o
    0x0800afdc   0x0800afdc   0x00000014   Code   RO         5447    i.xTaskGetTickCountFromISR  tasks.o
    0x0800aff0   0x0800aff0   0x00000144   Code   RO         5448    i.xTaskIncrementTick  tasks.o
    0x0800b134   0x0800b134   0x000000a0   Code   RO         5450    i.xTaskNotifyWait   tasks.o
    0x0800b1d4   0x0800b1d4   0x000000a4   Code   RO         5451    i.xTaskPriorityDisinherit  tasks.o
    0x0800b278   0x0800b278   0x00000098   Code   RO         5453    i.xTaskRemoveFromEventList  tasks.o
    0x0800b310   0x0800b310   0x00000104   Code   RO         5454    i.xTaskResumeAll    tasks.o
    0x0800b414   0x0800b414   0x00000078   Code   RO         5790    i.xTimerCreateTimerTask  timers.o
    0x0800b48c   0x0800b48c   0x00000084   Code   RO         5791    i.xTimerGenericCommand  timers.o
    0x0800b510   0x0800b510   0x00000005   Data   RO          157    .constdata          main.o
    0x0800b515   0x0800b515   0x00000003   PAD
    0x0800b518   0x0800b518   0x00000035   Data   RO          302    .constdata          freertos.o
    0x0800b54d   0x0800b54d   0x00000003   PAD
    0x0800b550   0x0800b550   0x00000035   Data   RO          828    .constdata          app_task_control.o
    0x0800b585   0x0800b585   0x00000003   PAD
    0x0800b588   0x0800b588   0x00000073   Data   RO          899    .constdata          app_tcsm.o
    0x0800b5fb   0x0800b5fb   0x00000009   Data   RO          950    .constdata          app_init.o
    0x0800b604   0x0800b604   0x0000022e   Data   RO          984    .constdata          app_sy_motor.o
    0x0800b832   0x0800b832   0x00000002   PAD
    0x0800b834   0x0800b834   0x00000043   Data   RO         1055    .constdata          app_door.o
    0x0800b877   0x0800b877   0x00000001   PAD
    0x0800b878   0x0800b878   0x00000053   Data   RO         1099    .constdata          app_probe.o
    0x0800b8cb   0x0800b8cb   0x00000012   Data   RO         1465    .constdata          tcsm_handler.o
    0x0800b8dd   0x0800b8dd   0x00000019   Data   RO         1519    .constdata          tcsm_driver.o
    0x0800b8f6   0x0800b8f6   0x00000002   PAD
    0x0800b8f8   0x0800b8f8   0x000000e6   Data   RO         1710    .constdata          sy_motor_driver.o
    0x0800b9de   0x0800b9de   0x0000002c   Data   RO         1789    .constdata          sy_motor_handler.o
    0x0800ba0a   0x0800ba0a   0x00000008   Data   RO         3736    .constdata          stm32f4xx_hal_dma.o
    0x0800ba12   0x0800ba12   0x00000018   Data   RO         4792    .constdata          system_stm32f4xx.o
    0x0800ba2a   0x0800ba2a   0x00000021   Data   RO         6650    .constdata          segger_rtt.o
    0x0800ba4b   0x0800ba4b   0x00000010   Data   RO         6854    .constdata          segger_rtt_printf.o
    0x0800ba5b   0x0800ba5b   0x000000e2   Data   RO         6978    .constdata          elog.o
    0x0800bb3d   0x0800bb3d   0x00000023   Data   RO         7152    .constdata          elog_utils.o
    0x0800bb60   0x0800bb60   0x0000000c   Data   RO          303    .conststring        freertos.o
    0x0800bb6c   0x0800bb6c   0x0000000d   Data   RO          829    .conststring        app_task_control.o
    0x0800bb79   0x0800bb79   0x00000003   PAD
    0x0800bb7c   0x0800bb7c   0x00000021   Data   RO          900    .conststring        app_tcsm.o
    0x0800bb9d   0x0800bb9d   0x00000003   PAD
    0x0800bba0   0x0800bba0   0x00000105   Data   RO          985    .conststring        app_sy_motor.o
    0x0800bca5   0x0800bca5   0x00000003   PAD
    0x0800bca8   0x0800bca8   0x0000000b   Data   RO         1056    .conststring        app_door.o
    0x0800bcb3   0x0800bcb3   0x00000001   PAD
    0x0800bcb4   0x0800bcb4   0x0000000c   Data   RO         1100    .conststring        app_probe.o
    0x0800bcc0   0x0800bcc0   0x00000043   Data   RO         1466    .conststring        tcsm_handler.o
    0x0800bd03   0x0800bd03   0x00000001   PAD
    0x0800bd04   0x0800bd04   0x00000118   Data   RO         1790    .conststring        sy_motor_handler.o
    0x0800be1c   0x0800be1c   0x00000047   Data   RO         6979    .conststring        elog.o
    0x0800be63   0x0800be63   0x00000001   PAD
    0x0800be64   0x0800be64   0x00000020   Data   RO         7629    Region$$Table       anon$$obj.o


    Execution Region RW_IRAM1 (Exec base: 0x20000000, Load base: 0x0800be84, Size: 0x00006438, Max: 0x0001c000, ABSOLUTE, COMPRESSED[0x0000017c])

    Exec Addr    Load Addr    Size         Type   Attr      Idx    E Section Name        Object

    0x20000000   COMPRESSED   0x00000138   Data   RW          158    .data               main.o
    0x20000138   COMPRESSED   0x00000004   Data   RW          304    .data               freertos.o
    0x2000013c   COMPRESSED   0x00000004   Data   RW          433    .data               can.o
    0x20000140   COMPRESSED   0x00000034   Data   RW          830    .data               app_task_control.o
    0x20000174   COMPRESSED   0x00000004   Data   RW          901    .data               app_tcsm.o
    0x20000178   COMPRESSED   0x00000014   Data   RW          986    .data               app_sy_motor.o
    0x2000018c   COMPRESSED   0x00000004   Data   RW         1057    .data               app_door.o
    0x20000190   COMPRESSED   0x00000004   Data   RW         1101    .data               app_probe.o
    0x20000194   COMPRESSED   0x0000004c   Data   RW         1330    .data               tcsm.o
    0x200001e0   COMPRESSED   0x00000008   Data   RW         1467    .data               tcsm_handler.o
    0x200001e8   COMPRESSED   0x00000050   Data   RW         1597    .data               sy_motor.o
    0x20000238   COMPRESSED   0x00000003   Data   RW         1711    .data               sy_motor_driver.o
    0x2000023b   COMPRESSED   0x00000001   PAD
    0x2000023c   COMPRESSED   0x00000008   Data   RW         1791    .data               sy_motor_handler.o
    0x20000244   COMPRESSED   0x0000000c   Data   RW         1842    .data               sv04.o
    0x20000250   COMPRESSED   0x00000078   Data   RW         1911    .data               jslz_onebus.o
    0x200002c8   COMPRESSED   0x00000009   Data   RW         4186    .data               stm32f4xx_hal.o
    0x200002d1   COMPRESSED   0x00000003   PAD
    0x200002d4   COMPRESSED   0x00000004   Data   RW         4793    .data               system_stm32f4xx.o
    0x200002d8   COMPRESSED   0x0000003c   Data   RW         5457    .data               tasks.o
    0x20000314   COMPRESSED   0x00000014   Data   RW         5799    .data               timers.o
    0x20000328   COMPRESSED   0x00000004   Data   RW         6033    .data               cmsis_os2.o
    0x2000032c   COMPRESSED   0x00000020   Data   RW         6489    .data               heap_4.o
    0x2000034c   COMPRESSED   0x0000000c   Data   RW         6545    .data               port.o
    0x20000358   COMPRESSED   0x00000034   Data   RW         6980    .data               elog.o
    0x2000038c   COMPRESSED   0x00000004   Data   RW         7608    .data               mc_w.l(mvars.o)
    0x20000390   COMPRESSED   0x00000004   Data   RW         7609    .data               mc_w.l(mvars.o)
    0x20000394        -       0x00000050   Zero   RW          432    .bss                can.o
    0x200003e4        -       0x00000090   Zero   RW          509    .bss                tim.o
    0x20000474        -       0x00000150   Zero   RW          557    .bss                usart.o
    0x200005c4        -       0x00000048   Zero   RW          788    .bss                stm32f4xx_hal_timebase_tim.o
    0x2000060c        -       0x000000c4   Zero   RW          898    .bss                app_tcsm.o
    0x200006d0        -       0x000004e0   Zero   RW          983    .bss                app_sy_motor.o
    0x20000bb0        -       0x00000040   Zero   RW         5022    .bss                queue.o
    0x20000bf0        -       0x000004c4   Zero   RW         5456    .bss                tasks.o
    0x200010b4        -       0x00000118   Zero   RW         5798    .bss                timers.o
    0x200011cc        -       0x000006b8   Zero   RW         6032    .bss                cmsis_os2.o
    0x20001884        -       0x00003c00   Zero   RW         6488    .bss                heap_4.o
    0x20005484        -       0x000004b8   Zero   RW         6649    .bss                segger_rtt.o
    0x2000593c        -       0x000004f8   Zero   RW         6977    .bss                elog.o
    0x20005e34   COMPRESSED   0x00000004   PAD
    0x20005e38        -       0x00000200   Zero   RW            2    HEAP                startup_stm32f407xx.o
    0x20006038        -       0x00000400   Zero   RW            1    STACK               startup_stm32f407xx.o


    Execution Region RW_IRAM2 (Exec base: 0x2001c000, Load base: 0x0800c000, Size: 0x00000000, Max: 0x00004000, ABSOLUTE)

    **** No section assigned to this execution region ****


==============================================================================

Image component sizes


      Code (inc. data)   RO Data    RW Data    ZI Data      Debug   Object Name

       280        110         78          4          0       2477   app_door.o
       144         82          9          0          0        651   app_init.o
       408        224         95          4          0       2524   app_probe.o
      2104        420        819         20       1248      11268   app_sy_motor.o
      1094        342         66         52          0       5902   app_task_control.o
      1426        352        148          4        196       5362   app_tcsm.o
       492         46          0          4         80       2554   can.o
       148         14          0          0          0     706905   canfliter_init.o
        38          0          0          0          0       1362   chain_sensor.o
        60          0          0          0          0       1173   checksum.o
       430         38          0          4       1720      58759   cmsis_os2.o
        72          4          0          0          0        802   dma.o
      2978       1112        297         52       1272      19832   elog.o
        32          0          0          0          0       3961   elog_port.o
       276        110         35          0          0       2349   elog_utils.o
        82          0          0          0          0       2168   endian.o
         0          0          0          0          0      17080   event_groups.o
       380         92         65          4          0      19327   freertos.o
       916         34          0          0          0       1559   gpio.o
       724         74          0         32      15360       4967   heap_4.o
       434         24          0        120          0       6626   jslz_onebus.o
       148          0          0          0          0       3666   list.o
       490         72          5        312          0      26679   main.o
         0          0          0          0          0       3752   modbus_rtu.o
      1014         92          0         12          0      11865   port.o
      2110         24          0          0         64      20117   queue.o
       554         42         33          0       1208      10334   segger_rtt.o
      1118         14         16          0          0       5945   segger_rtt_printf.o
        36          8        392          0       1536        844   startup_stm32f407xx.o
       136         24          0          9          0       8822   stm32f4xx_hal.o
      2278          4          0          0          0      16347   stm32f4xx_hal_can.o
       304         28          0          0          0      34404   stm32f4xx_hal_cortex.o
      1442         16          8          0          0       7769   stm32f4xx_hal_dma.o
       156          8          0          0          0       1325   stm32f4xx_hal_exti.o
       576         50          0          0          0       4155   stm32f4xx_hal_gpio.o
        84          6          0          0          0        890   stm32f4xx_hal_msp.o
      1888         94          0          0          0       6397   stm32f4xx_hal_rcc.o
       928         76          0          0          0       6802   stm32f4xx_hal_tim.o
       184         30          0          0          0       2581   stm32f4xx_hal_tim_ex.o
       180         20          0          0         72       1515   stm32f4xx_hal_timebase_tim.o
      3158         28          0          0          0      18189   stm32f4xx_hal_uart.o
       314         62          0          0          0      12339   stm32f4xx_it.o
         0          0          0          0          0        416   stream_buffer.o
        12          4          0         12          0       3704   sv04.o
       490         44          0         80          0      14769   sy_motor.o
      1922       1008        230          3          0      15106   sy_motor_driver.o
       572        140        324          8          0       5755   sy_motor_handler.o
        20          6         24          4          0       1175   system_stm32f4xx.o
       374          4          0          0          0      10202   task_control_sub.o
      3988        466          0         60       1220      34274   tasks.o
       574         36          0         76          0      15405   tcsm.o
      1658        286         25          0          0      13293   tcsm_driver.o
       416         66         85          8          0       5383   tcsm_handler.o
       284         30          0          0        144       2311   tim.o
      1318        124          0         20        280      30655   timers.o
       524         52          0          0        336       2621   usart.o

    ----------------------------------------------------------------------
     41826       6042       2812        908      24740    1237414   Object Totals
         0          0         32          0          0          0   (incl. Generated)
        58          0         26          4          4          0   (incl. Padding)

    ----------------------------------------------------------------------

      Code (inc. data)   RO Data    RW Data    ZI Data      Debug   Library Member Name

        86          0          0          0          0          0   __dczerorl2.o
         0          0          0          0          0          0   entry.o
         0          0          0          0          0          0   entry10a.o
         0          0          0          0          0          0   entry11a.o
         4          0          0          0          0          0   entry12b.o
         8          4          0          0          0          0   entry2.o
         4          0          0          0          0          0   entry5.o
         0          0          0          0          0          0   entry7b.o
         0          0          0          0          0          0   entry8b.o
         8          4          0          0          0          0   entry9a.o
        30          0          0          0          0          0   handlers.o
        36          8          0          0          0         68   init.o
         0          0          0          0          0          0   iusefp.o
        30          0          0          0          0         68   llshl.o
        36          0          0          0          0         68   llsshr.o
        32          0          0          0          0         68   llushr.o
       188         20          0          0          0        160   malloc.o
        36          0          0          0          0         68   memcpya.o
        36          0          0          0          0        108   memseta.o
         0          0          0          8          0          0   mvars.o
      2312         90          0          0          0        616   printfa.o
        14          0          0          0          0         68   strlen.o
        30          0          0          0          0         80   strncmp.o
        36          0          0          0          0         80   strstr.o
        44          0          0          0          0         80   uidiv.o
        98          0          0          0          0         92   uldiv.o
        48          0          0          0          0         68   cdrcmple.o
       334          0          0          0          0        148   dadd.o
       222          0          0          0          0        100   ddiv.o
       186          0          0          0          0        176   depilogue.o
        48          0          0          0          0         68   dfixul.o
       228          0          0          0          0         96   dmul.o

    ----------------------------------------------------------------------
      4134        126          0          8          0       2280   Library Totals
         0          0          0          0          0          0   (incl. Padding)

    ----------------------------------------------------------------------

      Code (inc. data)   RO Data    RW Data    ZI Data      Debug   Library Name

      3068        126          0          8          0       1624   mc_w.l
      1066          0          0          0          0        656   mf_w.l

    ----------------------------------------------------------------------
      4134        126          0          8          0       2280   Library Totals

    ----------------------------------------------------------------------

==============================================================================


      Code (inc. data)   RO Data    RW Data    ZI Data      Debug   

     45960       6168       2812        916      24740    1203482   Grand Totals
     45960       6168       2812        380      24740    1203482   ELF Image Totals (compressed)
     45960       6168       2812        380          0          0   ROM Totals

==============================================================================

    Total RO  Size (Code + RO Data)                48772 (  47.63kB)
    Total RW  Size (RW Data + ZI Data)             25656 (  25.05kB)
    Total ROM Size (Code + RO Data + RW Data)      49152 (  48.00kB)

==============================================================================

