<html>
<body>
<pre>
<h1>礦ision Build Log</h1>
<h2>Tool Versions:</h2>
IDE-Version: μVision V5.38.0.0
Copyright (C) 2022 ARM Ltd and ARM Germany GmbH. All rights reserved.
License Information: sad 1137203064@qq.com, d, LIC=SDA0P-MSV0W-12BLE-5QWFF-2QW6Z-FC0W3
 
Tool Versions:
Toolchain:       MDK-ARM Plus  Version: 5.38.0.0
Toolchain Path:  D:\ProngramFile\MDK\Core\ARM\ARMCC\Bin
C Compiler:      Armcc.exe V5.06 update 7 (build 960)
Assembler:       Armasm.exe V5.06 update 7 (build 960)
Linker/Locator:  ArmLink.exe V5.06 update 7 (build 960)
Library Manager: ArmAr.exe V5.06 update 7 (build 960)
Hex Converter:   FromElf.exe V5.06 update 7 (build 960)
CPU DLL:         SARMCM3.DLL V5.38.0.0
Dialog DLL:      DCM.DLL V1.17.5.0
Target DLL:      Segger\JL2CM3.dll V2.99.42.0
Dialog DLL:      TCM.DLL V1.56.4.0
 
<h2>Project:</h2>
D:\A_入职资料\液体进样\auxiliary_board_0609\MDK-ARM\F407_auxiliary_board.uvprojx
Project File Date:  08/10/2026

<h2>Output:</h2>
*** Using Compiler 'V5.06 update 7 (build 960)', folder: 'D:\ProngramFile\MDK\Core\ARM\ARMCC\Bin'
Build target 'F407_auxiliary_board'
compiling app_sy_motor.c...
..\APP\app_sy_motor.c(137): warning:  #177-D: variable "sv_ret"  was declared but never referenced
      uint8_t sv_ret;
..\APP\app_sy_motor.c(407): warning:  #177-D: variable "dis_max_times"  was declared but never referenced
          uint8_t dis_max_times;
..\APP\app_sy_motor.c: 2 warnings, 0 errors
linking...
Program Size: Code=45960 RO-data=2812 RW-data=916 ZI-data=24740  
FromELF: creating hex file...
"F407_auxiliary_board\F407_auxiliary_board.axf" - 0 Error(s), 2 Warning(s).

<h2>Software Packages used:</h2>

Package Vendor: ARM
                http://www.keil.com/pack/ARM.CMSIS.5.9.0.pack
                ARM.CMSIS.5.9.0
                CMSIS (Common Microcontroller Software Interface Standard)
   * Component: CORE Version: 5.6.0

Package Vendor: Keil
                https://www.keil.com/pack/Keil.STM32F4xx_DFP.2.17.1.pack
                Keil.STM32F4xx_DFP.2.17.1
                STMicroelectronics STM32F4 Series Device Support, Drivers and Examples

<h2>Collection of Component include folders:</h2>
  ./RTE/_F407_auxiliary_board
  D:/ProngramFile/MDK/Pcak/ARM/CMSIS/5.9.0/CMSIS/Core/Include
  D:/ProngramFile/MDK/Pcak/Keil/STM32F4xx_DFP/2.17.1/Drivers/CMSIS/Device/ST/STM32F4xx/Include

<h2>Collection of Component Files used:</h2>

   * Component: ARM::CMSIS:CORE:5.6.0
      Include file:  CMSIS/Core/Include/tz_context.h
Build Time Elapsed:  00:00:02
</pre>
</body>
</html>
